<html>
<body>
<pre>
<h1>礦ision Build Log</h1>
<h2>Tool Versions:</h2>
IDE-Version: μVision V5.14.0.0
Copyright (C) 2015 ARM Ltd and ARM Germany GmbH. All rights reserved.
License Information: xiong fsfkj, fsfs, LIC=VGX56-DR2ZU-T3FMI-T6MWY-WWZZ6-LT2QN
 
Tool Versions:
Toolchain:       MDK-ARM Standard  Version: 5.14.0.0
Toolchain Path:  E:\keil52\ARM\ARMCC\Bin
C Compiler:      Armcc.exe V5.05 update 1 (build 106)
Assembler:       Armasm.exe V5.05 update 1 (build 106)
Linker/Locator:  ArmLink.exe V5.05 update 1 (build 106)
Library Manager: ArmAr.exe V5.05 update 1 (build 106)
Hex Converter:   FromElf.exe V5.05 update 1 (build 106)
CPU DLL:         SARMCM3.DLL V5.14.0.0
Dialog DLL:      DCM.DLL V1.13.1.0
Target DLL:      STLink\ST-LINKIII-KEIL_SWO.dll V2.0.14.0_KEIL
Dialog DLL:      TCM.DLL V1.14.4.0
 
<h2>Project:</h2>
F:\大创资料\stitp\小车代码\二号车\USER\stitp.uvprojx
Project File Date:  04/04/2019

<h2>Output:</h2>
Build target 'Target 1'
compiling main.c...
compiling stm32f10x_it.c...
compiling system_stm32f10x.c...
compiling app_motor.c...
compiling My_UART.c...
compiling led.c...
compiling bsp_gpio.c...
compiling bsp_motor.c...
compiling esp8266.c...
compiling mpu6050.c...
compiling mpuiic.c...
compiling inv_mpu.c...
compiling inv_mpu_dmp_motion_driver.c...
compiling pid.c...
..\HARDWARE\PID\pid.c(30): warning:  #177-D: variable "i" was declared but never referenced
                 u8 i;
..\HARDWARE\PID\pid.c(31): warning:  #177-D: variable "send_buf" was declared but never referenced
                 char send_buf[30];
..\HARDWARE\PID\pid.c: 2 warnings, 0 errors
compiling iwdg.c...
compiling rfid.c...
compiling delay.c...
compiling sys.c...
compiling usart.c...
compiling core_cm3.c...
assembling startup_stm32f10x_hd.s...
compiling stm32f10x_gpio.c...
compiling stm32f10x_rcc.c...
compiling stm32f10x_usart.c...
compiling misc.c...
compiling stm32f10x_exti.c...
compiling stm32f10x_tim.c...
compiling stm32f10x_iwdg.c...
linking...
Program Size: Code=26868 RO-data=3828 RW-data=192 ZI-data=3624  
FromELF: creating hex file...
"..\OBJ\LED.axf" - 0 Error(s), 2 Warning(s).

<h2>Collection of Component include folders:</h2>
  F:\大创资料\stitp\小车代码\二号车\USER\RTE
  E:\keil52\ARM\PACK\Keil\STM32F1xx_DFP\1.0.5\Device\Include

<h2>Collection of Component Files used:</h2>
</pre>
</body>
</html>
