Component: ARM Compiler 5.05 update 1 (build 106) Tool: armlink [4d0efa]

==============================================================================

Section Cross References

    main.o(i.Carsysterm_init) refers to misc.o(i.NVIC_PriorityGroupConfig) for NVIC_PriorityGroupConfig
    main.o(i.Carsysterm_init) refers to delay.o(i.delay_init) for delay_init
    main.o(i.Carsysterm_init) refers to led.o(i.LED_Init) for LED_Init
    main.o(i.Carsysterm_init) refers to usart.o(i.uart_init) for uart_init
    main.o(i.Carsysterm_init) refers to my_uart.o(i.USART2_Init) for USART2_Init
    main.o(i.Carsysterm_init) refers to my_uart.o(i.USART3_Init) for USART3_Init
    main.o(i.Carsysterm_init) refers to esp8266.o(i.ESP8266_Init) for ESP8266_Init
    main.o(i.Carsysterm_init) refers to esp8266.o(i.soft_reset) for soft_reset
    main.o(i.Carsysterm_init) refers to bsp_gpio.o(i.MOTOR_GPIO_Init) for MOTOR_GPIO_Init
    main.o(i.Carsysterm_init) refers to bsp_motor.o(i.Motor_PWM_Init) for Motor_PWM_Init
    main.o(i.Carsysterm_init) refers to mpu6050.o(i.TIM3_Init) for TIM3_Init
    main.o(i.Carsysterm_init) refers to pid.o(i.PID_Init) for PID_Init
    main.o(i.Carsysterm_init) refers to ultrasonic.o(i.Ultrasonic_GPIO_Init) for Ultrasonic_GPIO_Init
    main.o(i.Carsysterm_init) refers to ultrasonic.o(i.Timer2_Init) for Timer2_Init
    main.o(i.Carsysterm_init) refers to delay.o(i.delay_ms) for delay_ms
    main.o(i.Carsysterm_init) refers to my_uart.o(i.UART_send_string) for UART_send_string
    main.o(i.Carsysterm_init) refers to inv_mpu.o(i.mpu_dmp_init) for mpu_dmp_init
    main.o(i.Carsysterm_init) refers to inv_mpu.o(i.mpuget_yaw) for mpuget_yaw
    main.o(i.Carsysterm_init) refers to iwdg.o(i.IWDG_Init) for IWDG_Init
    main.o(i.Carsysterm_init) refers to app_motor.o(i.Car_Stop) for Car_Stop
    main.o(i.Carsysterm_init) refers to main.o(.data) for set_yaw
    main.o(i.main) refers to main.o(i.Carsysterm_init) for Carsysterm_init
    main.o(i.main) refers to iwdg.o(i.IWDG_Feed) for IWDG_Feed
    main.o(i.main) refers to esp8266.o(i.select_mode) for select_mode
    main.o(i.main) refers to rfid.o(i.Read_mode) for Read_mode
    main.o(i.main) refers to inv_mpu.o(i.mpuget_yaw) for mpuget_yaw
    main.o(i.main) refers to pid.o(i.check_yaw) for check_yaw
    main.o(i.main) refers to stm32f10x_tim.o(i.TIM_Cmd) for TIM_Cmd
    main.o(i.main) refers to app_motor.o(i.Car_Stop) for Car_Stop
    main.o(i.main) refers to delay.o(i.delay_ms) for delay_ms
    main.o(i.main) refers to stm32f10x_usart.o(i.USART_Cmd) for USART_Cmd
    main.o(i.main) refers to app_motor.o(i.Car_SpinLeft) for Car_SpinLeft
    main.o(i.main) refers to app_motor.o(i.Car_Run) for Car_Run
    main.o(i.main) refers to main.o(.data) for Mode
    main.o(i.main) refers to my_uart.o(.data) for USART2_RX_STA
    main.o(i.main) refers to rfid.o(.data) for Rx3Flag
    main.o(i.main) refers to mpu6050.o(.data) for mputime_nvic
    system_stm32f10x.o(i.SetSysClock) refers to system_stm32f10x.o(i.SetSysClockTo72) for SetSysClockTo72
    system_stm32f10x.o(i.SystemCoreClockUpdate) refers to system_stm32f10x.o(.data) for SystemCoreClock
    system_stm32f10x.o(i.SystemInit) refers to system_stm32f10x.o(i.SetSysClock) for SetSysClock
    app_motor.o(i.Car_Back) refers to stm32f10x_gpio.o(i.GPIO_ResetBits) for GPIO_ResetBits
    app_motor.o(i.Car_Back) refers to stm32f10x_gpio.o(i.GPIO_SetBits) for GPIO_SetBits
    app_motor.o(i.Car_Back) refers to stm32f10x_tim.o(i.TIM_SetCompare4) for TIM_SetCompare4
    app_motor.o(i.Car_Back) refers to stm32f10x_tim.o(i.TIM_SetCompare3) for TIM_SetCompare3
    app_motor.o(i.Car_Left) refers to stm32f10x_gpio.o(i.GPIO_ResetBits) for GPIO_ResetBits
    app_motor.o(i.Car_Left) refers to stm32f10x_gpio.o(i.GPIO_SetBits) for GPIO_SetBits
    app_motor.o(i.Car_Left) refers to stm32f10x_tim.o(i.TIM_SetCompare4) for TIM_SetCompare4
    app_motor.o(i.Car_Left) refers to stm32f10x_tim.o(i.TIM_SetCompare3) for TIM_SetCompare3
    app_motor.o(i.Car_Right) refers to stm32f10x_gpio.o(i.GPIO_SetBits) for GPIO_SetBits
    app_motor.o(i.Car_Right) refers to stm32f10x_gpio.o(i.GPIO_ResetBits) for GPIO_ResetBits
    app_motor.o(i.Car_Right) refers to stm32f10x_tim.o(i.TIM_SetCompare4) for TIM_SetCompare4
    app_motor.o(i.Car_Right) refers to stm32f10x_tim.o(i.TIM_SetCompare3) for TIM_SetCompare3
    app_motor.o(i.Car_Run) refers to stm32f10x_gpio.o(i.GPIO_SetBits) for GPIO_SetBits
    app_motor.o(i.Car_Run) refers to stm32f10x_gpio.o(i.GPIO_ResetBits) for GPIO_ResetBits
    app_motor.o(i.Car_Run) refers to stm32f10x_tim.o(i.TIM_SetCompare4) for TIM_SetCompare4
    app_motor.o(i.Car_Run) refers to stm32f10x_tim.o(i.TIM_SetCompare3) for TIM_SetCompare3
    app_motor.o(i.Car_SpinLeft) refers to stm32f10x_gpio.o(i.GPIO_ResetBits) for GPIO_ResetBits
    app_motor.o(i.Car_SpinLeft) refers to stm32f10x_gpio.o(i.GPIO_SetBits) for GPIO_SetBits
    app_motor.o(i.Car_SpinLeft) refers to stm32f10x_tim.o(i.TIM_SetCompare4) for TIM_SetCompare4
[...]
    x$fpl$scalbn                             0x0800755a   Section       92  scalbn.o(x$fpl$scalbn)
    x$fpl$trapveneer                         0x080075b6   Section       48  trapv.o(x$fpl$trapveneer)
    x$fpl$usenofp                            0x080075e6   Section        0  usenofp.o(x$fpl$usenofp)
    .constdata                               0x080075e8   Section       80  inv_mpu.o(.constdata)
    .constdata                               0x08007638   Section     3062  inv_mpu_dmp_motion_driver.o(.constdata)
    dmp_memory                               0x08007638   Data        3062  inv_mpu_dmp_motion_driver.o(.constdata)
    .constdata                               0x0800822e   Section       17  __printf_flags_wp.o(.constdata)
    maptable                                 0x0800822e   Data          17  __printf_flags_wp.o(.constdata)
    .constdata                               0x08008240   Section      152  atan.o(.constdata)
    atanhi                                   0x08008240   Data          32  atan.o(.constdata)
    atanlo                                   0x08008260   Data          32  atan.o(.constdata)
    aTodd                                    0x08008280   Data          40  atan.o(.constdata)
    aTeven                                   0x080082a8   Data          48  atan.o(.constdata)
    .constdata                               0x080082d8   Section        8  qnan.o(.constdata)
    .constdata                               0x080082e0   Section      148  bigflt0.o(.constdata)
    tenpwrs_x                                0x080082e0   Data          60  bigflt0.o(.constdata)
    tenpwrs_i                                0x0800831c   Data          64  bigflt0.o(.constdata)
    .conststring                             0x08008374   Section        7  esp8266.o(.conststring)
    .conststring                             0x0800837c   Section       77  inv_mpu.o(.conststring)
    locale$$data                             0x080083ec   Section       28  lc_numeric_c.o(locale$$data)
    __lcnum_c_name                           0x080083f0   Data           2  lc_numeric_c.o(locale$$data)
    __lcnum_c_start                          0x080083f8   Data           0  lc_numeric_c.o(locale$$data)
    __lcnum_c_point                          0x08008404   Data           0  lc_numeric_c.o(locale$$data)
    __lcnum_c_thousands                      0x08008406   Data           0  lc_numeric_c.o(locale$$data)
    __lcnum_c_grouping                       0x08008407   Data           0  lc_numeric_c.o(locale$$data)
    __lcnum_c_end                            0x08008408   Data           0  lc_numeric_c.o(locale$$data)
    .data                                    0x20000000   Section        8  main.o(.data)
    .data                                    0x20000008   Section       20  system_stm32f10x.o(.data)
    .data                                    0x2000001c   Section        3  my_uart.o(.data)
    .data                                    0x20000020   Section       10  esp8266.o(.data)
    .data                                    0x2000002a   Section        1  mpu6050.o(.data)
    .data                                    0x2000002c   Section       53  inv_mpu.o(.data)
    st                                       0x2000002c   Data          44  inv_mpu.o(.data)
    gyro_orientation                         0x20000058   Data           9  inv_mpu.o(.data)
    .data                                    0x20000062   Section        3  pid.o(.data)
    j                                        0x20000064   Data           1  pid.o(.data)
    .data                                    0x20000065   Section       65  rfid.o(.data)
    .data                                    0x200000a8   Section        5  ultrasonic.o(.data)
    errway                                   0x200000ac   Data           1  ultrasonic.o(.data)
    .data                                    0x200000ae   Section        4  delay.o(.data)
    fac_us                                   0x200000ae   Data           1  delay.o(.data)
    fac_ms                                   0x200000b0   Data           2  delay.o(.data)
    .data                                    0x200000b4   Section        6  usart.o(.data)
    .data                                    0x200000ba   Section       20  stm32f10x_rcc.o(.data)
    APBAHBPrescTable                         0x200000ba   Data          16  stm32f10x_rcc.o(.data)
    ADCPrescTable                            0x200000ca   Data           4  stm32f10x_rcc.o(.data)
    .bss                                     0x200000d0   Section      100  my_uart.o(.bss)
    .bss                                     0x20000134   Section       16  inv_mpu_dmp_motion_driver.o(.bss)
    dmp                                      0x20000134   Data          16  inv_mpu_dmp_motion_driver.o(.bss)
    .bss                                     0x20000144   Section       36  pid.o(.bss)
    .bss                                     0x20000168   Section      200  usart.o(.bss)
    .bss                                     0x20000230   Section       96  libspace.o(.bss)
    HEAP                                     0x20000290   Section     2048  startup_stm32f10x_hd.o(HEAP)
    Heap_Mem                                 0x20000290   Data        2048  startup_stm32f10x_hd.o(HEAP)
    STACK                                    0x20000a90   Section     2048  startup_stm32f10x_hd.o(STACK)
    Stack_Mem                                0x20000a90   Data        2048  startup_stm32f10x_hd.o(STACK)
    __initial_sp                             0x20001290   Data           0  startup_stm32f10x_hd.o(STACK)

    Global Symbols

    Symbol Name                              Value     Ov Type        Size  Object(Section)

    BuildAttributes$$THM_ISAv4$P$D$K$B$S$PE$A:L22UL41UL21$X:L11$S22US41US21$IEEE1$IW$USESV6$~STKCKD$USESV7$~SHL$OTIME$ROPI$IEEEX$EBA8$UX$STANDARDLIB$REQ8$PRES8$EABIv2 0x00000000   Number         0  anon$$obj.o ABSOLUTE
    __ARM_use_no_argv                        0x00000000   Number         0  main.o ABSOLUTE
    _printf_flags                            0x00000000   Number         0  printf_stubs.o ABSOLUTE
    _printf_return_value                     0x00000000   Number         0  printf_stubs.o ABSOLUTE
    _printf_sizespec                         0x00000000   Number         0  printf_stubs.o ABSOLUTE
    _printf_widthprec                        0x00000000   Number         0  printf_stubs.o ABSOLUTE
    __ARM_exceptions_init                     - Undefined Weak Reference
    __alloca_initialize                       - Undefined Weak Reference
    __arm_preinit_                            - Undefined Weak Reference
    __cpp_initialize__aeabi_                  - Undefined Weak Reference
    __cxa_finalize                            - Undefined Weak Reference
    __sigvec_lookup                           - Undefined Weak Reference
    _atexit_init                              - Undefined Weak Reference
    _call_atexit_fns                          - Undefined Weak Reference
    _clock_init                               - Undefined Weak Reference
    _fp_trap_init                             - Undefined Weak Reference
    _fp_trap_shutdown                         - Undefined Weak Reference
    _get_lc_collate                           - Undefined Weak Reference
    _get_lc_ctype                             - Undefined Weak Reference
    _get_lc_monetary                          - Undefined Weak Reference
    _get_lc_time                              - Undefined Weak Reference
    _getenv_init                              - Undefined Weak Reference
    _handle_redirection                       - Undefined Weak Reference
    _init_alloc                               - Undefined Weak Reference
    _init_user_alloc                          - Undefined Weak Reference
    _initio                                   - Undefined Weak Reference
    _mutex_acquire                            - Undefined Weak Reference
    _mutex_release                            - Undefined Weak Reference
    _printf_truncate_signed                   - Undefined Weak Reference
    _printf_truncate_unsigned                 - Undefined Weak Reference
    _rand_init                                - Undefined Weak Reference
    _signal_finish                            - Undefined Weak Reference
    _signal_init                              - Undefined Weak Reference
    _terminate_alloc                          - Undefined Weak Reference
    _terminate_user_alloc                     - Undefined Weak Reference
    _terminateio                              - Undefined Weak Reference
    __Vectors_Size                           0x00000130   Number         0  startup_stm32f10x_hd.o ABSOLUTE
    __Vectors                                0x08000000   Data           4  startup_stm32f10x_hd.o(RESET)
    __Vectors_End                            0x08000130   Data           0  startup_stm32f10x_hd.o(RESET)
    __main                                   0x08000131   Thumb Code     8  __main.o(!!!main)
    __scatterload                            0x08000139   Thumb Code     0  __scatter.o(!!!scatter)
    __scatterload_rt2                        0x08000139   Thumb Code    44  __scatter.o(!!!scatter)
    __scatterload_rt2_thumb_only             0x08000139   Thumb Code     0  __scatter.o(!!!scatter)
    __scatterload_null                       0x08000147   Thumb Code     0  __scatter.o(!!!scatter)
    __scatterload_copy                       0x0800016d   Thumb Code    26  __scatter_copy.o(!!handler_copy)
    __scatterload_zeroinit                   0x08000189   Thumb Code    28  __scatter_zi.o(!!handler_zi)
    _printf_f                                0x080001a5   Thumb Code     0  _printf_f.o(.ARM.Collect$$_printf_percent$$00000003)
    _printf_percent                          0x080001a5   Thumb Code     0  _printf_percent.o(.ARM.Collect$$_printf_percent$$00000000)
    _printf_d                                0x080001ab   Thumb Code     0  _printf_d.o(.ARM.Collect$$_printf_percent$$00000009)
    _printf_percent_end                      0x080001b1   Thumb Code     0  _printf_percent_end.o(.ARM.Collect$$_printf_percent$$00000017)
    __rt_lib_init                            0x080001b5   Thumb Code     0  libinit.o(.ARM.Collect$$libinit$$00000000)
    __rt_lib_init_fp_1                       0x080001b7   Thumb Code     0  libinit2.o(.ARM.Collect$$libinit$$00000002)
    __rt_lib_init_heap_1                     0x080001b7   Thumb Code     0  libinit2.o(.ARM.Collect$$libinit$$0000000A)
    __rt_lib_init_lc_common                  0x080001b7   Thumb Code     0  libinit2.o(.ARM.Collect$$libinit$$0000000F)
    __rt_lib_init_preinit_1                  0x080001b7   Thumb Code     0  libinit2.o(.ARM.Collect$$libinit$$00000004)
    __rt_lib_init_rand_1                     0x080001b7   Thumb Code     0  libinit2.o(.ARM.Collect$$libinit$$0000000E)
    __rt_lib_init_user_alloc_1               0x080001b7   Thumb Code     0  libinit2.o(.ARM.Collect$$libinit$$0000000C)
    __rt_lib_init_lc_collate_1               0x080001bd   Thumb Code     0  libinit2.o(.ARM.Collect$$libinit$$00000011)
    __rt_lib_init_lc_ctype_1                 0x080001bd   Thumb Code     0  libinit2.o(.ARM.Collect$$libinit$$00000013)
    __rt_lib_init_lc_monetary_1              0x080001bd   Thumb Code     0  libinit2.o(.ARM.Collect$$libinit$$00000015)
    __rt_lib_init_lc_numeric_2               0x080001bd   Thumb Code     0  libinit2.o(.ARM.Collect$$libinit$$00000016)
    __rt_lib_init_alloca_1                   0x080001c7   Thumb Code     0  libinit2.o(.ARM.Collect$$libinit$$0000002E)
    __rt_lib_init_argv_1                     0x080001c7   Thumb Code     0  libinit2.o(.ARM.Collect$$libinit$$0000002C)
    __rt_lib_init_atexit_1                   0x080001c7   Thumb Code     0  libinit2.o(.ARM.Collect$$libinit$$0000001B)
    __rt_lib_init_clock_1                    0x080001c7   Thumb Code     0  libinit2.o(.ARM.Collect$$libinit$$00000021)
    __rt_lib_init_cpp_1                      0x080001c7   Thumb Code     0  libinit2.o(.ARM.Collect$$libinit$$00000032)
    __rt_lib_init_exceptions_1               0x080001c7   Thumb Code     0  libinit2.o(.ARM.Collect$$libinit$$00000030)
    __rt_lib_init_fp_trap_1                  0x080001c7   Thumb Code     0  libinit2.o(.ARM.Collect$$libinit$$0000001F)
    __rt_lib_init_getenv_1                   0x080001c7   Thumb Code     0  libinit2.o(.ARM.Collect$$libinit$$00000023)
    __rt_lib_init_lc_numeric_1               0x080001c7   Thumb Code     0  libinit2.o(.ARM.Collect$$libinit$$00000017)
    __rt_lib_init_lc_time_1                  0x080001c7   Thumb Code     0  libinit2.o(.ARM.Collect$$libinit$$00000019)
    __rt_lib_init_return                     0x080001c7   Thumb Code     0  libinit2.o(.ARM.Collect$$libinit$$00000033)
    __rt_lib_init_signal_1                   0x080001c7   Thumb Code     0  libinit2.o(.ARM.Collect$$libinit$$0000001D)
    __rt_lib_init_stdio_1                    0x080001c7   Thumb Code     0  libinit2.o(.ARM.Collect$$libinit$$00000025)
    __rt_lib_shutdown                        0x080001c9   Thumb Code     0  libshutdown.o(.ARM.Collect$$libshutdown$$00000000)
    __rt_lib_shutdown_fp_trap_1              0x080001cb   Thumb Code     0  libshutdown2.o(.ARM.Collect$$libshutdown$$00000006)
    __rt_lib_shutdown_heap_1                 0x080001cb   Thumb Code     0  libshutdown2.o(.ARM.Collect$$libshutdown$$0000000E)
    __rt_lib_shutdown_return                 0x080001cb   Thumb Code     0  libshutdown2.o(.ARM.Collect$$libshutdown$$0000000F)
    __rt_lib_shutdown_signal_1               0x080001cb   Thumb Code     0  libshutdown2.o(.ARM.Collect$$libshutdown$$00000009)
    __rt_lib_shutdown_stdio_1                0x080001cb   Thumb Code     0  libshutdown2.o(.ARM.Collect$$libshutdown$$00000003)
    __rt_lib_shutdown_user_alloc_1           0x080001cb   Thumb Code     0  libshutdown2.o(.ARM.Collect$$libshutdown$$0000000B)
    __rt_entry                               0x080001cd   Thumb Code     0  __rtentry.o(.ARM.Collect$$rtentry$$00000000)
    __rt_entry_presh_1                       0x080001cd   Thumb Code     0  __rtentry2.o(.ARM.Collect$$rtentry$$00000002)
    __rt_entry_sh                            0x080001cd   Thumb Code     0  __rtentry4.o(.ARM.Collect$$rtentry$$00000004)
    __rt_entry_li                            0x080001d3   Thumb Code     0  __rtentry2.o(.ARM.Collect$$rtentry$$0000000A)
    __rt_entry_postsh_1                      0x080001d3   Thumb Code     0  __rtentry2.o(.ARM.Collect$$rtentry$$00000009)
    __rt_entry_main                          0x080001d7   Thumb Code     0  __rtentry2.o(.ARM.Collect$$rtentry$$0000000D)
    __rt_entry_postli_1                      0x080001d7   Thumb Code     0  __rtentry2.o(.ARM.Collect$$rtentry$$0000000C)
    __rt_exit                                0x080001df   Thumb Code     0  rtexit.o(.ARM.Collect$$rtexit$$00000000)
    __rt_exit_ls                             0x080001e1   Thumb Code     0  rtexit2.o(.ARM.Collect$$rtexit$$00000003)
    __rt_exit_prels_1                        0x080001e1   Thumb Code     0  rtexit2.o(.ARM.Collect$$rtexit$$00000002)
    __rt_exit_exit                           0x080001e5   Thumb Code     0  rtexit2.o(.ARM.Collect$$rtexit$$00000004)
    Reset_Handler                            0x080001ed   Thumb Code     8  startup_stm32f10x_hd.o(.text)
    ADC1_2_IRQHandler                        0x08000207   Thumb Code     0  startup_stm32f10x_hd.o(.text)
    ADC3_IRQHandler                          0x08000207   Thumb Code     0  startup_stm32f10x_hd.o(.text)
    CAN1_RX1_IRQHandler                      0x08000207   Thumb Code     0  startup_stm32f10x_hd.o(.text)
    CAN1_SCE_IRQHandler                      0x08000207   Thumb Code     0  startup_stm32f10x_hd.o(.text)
    DMA1_Channel1_IRQHandler                 0x08000207   Thumb Code     0  startup_stm32f10x_hd.o(.text)
    DMA1_Channel2_IRQHandler                 0x08000207   Thumb Code     0  startup_stm32f10x_hd.o(.text)
    DMA1_Channel3_IRQHandler                 0x08000207   Thumb Code     0  startup_stm32f10x_hd.o(.text)
    DMA1_Channel4_IRQHandler                 0x08000207   Thumb Code     0  startup_stm32f10x_hd.o(.text)
    DMA1_Channel5_IRQHandler                 0x08000207   Thumb Code     0  startup_stm32f10x_hd.o(.text)
    DMA1_Channel6_IRQHandler                 0x08000207   Thumb Code     0  startup_stm32f10x_hd.o(.text)
    DMA1_Channel7_IRQHandler                 0x08000207   Thumb Code     0  startup_stm32f10x_hd.o(.text)
    DMA2_Channel1_IRQHandler                 0x08000207   Thumb Code     0  startup_stm32f10x_hd.o(.text)
    DMA2_Channel2_IRQHandler                 0x08000207   Thumb Code     0  startup_stm32f10x_hd.o(.text)
    DMA2_Channel3_IRQHandler                 0x08000207   Thumb Code     0  startup_stm32f10x_hd.o(.text)
    DMA2_Channel4_5_IRQHandler               0x08000207   Thumb Code     0  startup_stm32f10x_hd.o(.text)
    EXTI0_IRQHandler                         0x08000207   Thumb Code     0  startup_stm32f10x_hd.o(.text)
    EXTI15_10_IRQHandler                     0x08000207   Thumb Code     0  startup_stm32f10x_hd.o(.text)
    EXTI1_IRQHandler                         0x08000207   Thumb Code     0  startup_stm32f10x_hd.o(.text)
    EXTI2_IRQHandler                         0x08000207   Thumb Code     0  startup_stm32f10x_hd.o(.text)
    EXTI3_IRQHandler                         0x08000207   Thumb Code     0  startup_stm32f10x_hd.o(.text)
    EXTI4_IRQHandler                         0x08000207   Thumb Code     0  startup_stm32f10x_hd.o(.text)
    EXTI9_5_IRQHandler                       0x08000207   Thumb Code     0  startup_stm32f10x_hd.o(.text)
    FLASH_IRQHandler                         0x08000207   Thumb Code     0  startup_stm32f10x_hd.o(.text)
    FSMC_IRQHandler                          0x08000207   Thumb Code     0  startup_stm32f10x_hd.o(.text)
    I2C1_ER_IRQHandler                       0x08000207   Thumb Code     0  startup_stm32f10x_hd.o(.text)
    I2C1_EV_IRQHandler                       0x08000207   Thumb Code     0  startup_stm32f10x_hd.o(.text)
    I2C2_ER_IRQHandler                       0x08000207   Thumb Code     0  startup_stm32f10x_hd.o(.text)
    I2C2_EV_IRQHandler                       0x08000207   Thumb Code     0  startup_stm32f10x_hd.o(.text)
    PVD_IRQHandler                           0x08000207   Thumb Code     0  startup_stm32f10x_hd.o(.text)
    RCC_IRQHandler                           0x08000207   Thumb Code     0  startup_stm32f10x_hd.o(.text)
    RTCAlarm_IRQHandler                      0x08000207   Thumb Code     0  startup_stm32f10x_hd.o(.text)
    RTC_IRQHandler                           0x08000207   Thumb Code     0  startup_stm32f10x_hd.o(.text)
    SDIO_IRQHandler                          0x08000207   Thumb Code     0  startup_stm32f10x_hd.o(.text)
    SPI1_IRQHandler                          0x08000207   Thumb Code     0  startup_stm32f10x_hd.o(.text)
    SPI2_IRQHandler                          0x08000207   Thumb Code     0  startup_stm32f10x_hd.o(.text)
    SPI3_IRQHandler                          0x08000207   Thumb Code     0  startup_stm32f10x_hd.o(.text)
    TAMPER_IRQHandler                        0x08000207   Thumb Code     0  startup_stm32f10x_hd.o(.text)
    TIM1_BRK_IRQHandler                      0x08000207   Thumb Code     0  startup_stm32f10x_hd.o(.text)
    TIM1_CC_IRQHandler                       0x08000207   Thumb Code     0  startup_stm32f10x_hd.o(.text)
    TIM1_TRG_COM_IRQHandler                  0x08000207   Thumb Code     0  startup_stm32f10x_hd.o(.text)
    TIM1_UP_IRQHandler                       0x08000207   Thumb Code     0  startup_stm32f10x_hd.o(.text)
    TIM4_IRQHandler                          0x08000207   Thumb Code     0  startup_stm32f10x_hd.o(.text)
    TIM5_IRQHandler                          0x08000207   Thumb Code     0  startup_stm32f10x_hd.o(.text)
    TIM6_IRQHandler                          0x08000207   Thumb Code     0  startup_stm32f10x_hd.o(.text)
    TIM7_IRQHandler                          0x08000207   Thumb Code     0  startup_stm32f10x_hd.o(.text)
    TIM8_BRK_IRQHandler                      0x08000207   Thumb Code     0  startup_stm32f10x_hd.o(.text)
    TIM8_CC_IRQHandler                       0x08000207   Thumb Code     0  startup_stm32f10x_hd.o(.text)
    TIM8_TRG_COM_IRQHandler                  0x08000207   Thumb Code     0  startup_stm32f10x_hd.o(.text)
    TIM8_UP_IRQHandler                       0x08000207   Thumb Code     0  startup_stm32f10x_hd.o(.text)
    UART4_IRQHandler                         0x08000207   Thumb Code     0  startup_stm32f10x_hd.o(.text)
    UART5_IRQHandler                         0x08000207   Thumb Code     0  startup_stm32f10x_hd.o(.text)
    USBWakeUp_IRQHandler                     0x08000207   Thumb Code     0  startup_stm32f10x_hd.o(.text)
    USB_HP_CAN1_TX_IRQHandler                0x08000207   Thumb Code     0  startup_stm32f10x_hd.o(.text)
    USB_LP_CAN1_RX0_IRQHandler               0x08000207   Thumb Code     0  startup_stm32f10x_hd.o(.text)
    WWDG_IRQHandler                          0x08000207   Thumb Code     0  startup_stm32f10x_hd.o(.text)
    __user_initial_stackheap                 0x08000209   Thumb Code     0  startup_stm32f10x_hd.o(.text)
    __use_no_semihosting                     0x0800022d   Thumb Code     2  use_no_semi_2.o(.text)
    __aeabi_ldivmod                          0x0800022f   Thumb Code     0  llsdiv.o(.text)
    _ll_sdiv                                 0x0800022f   Thumb Code    72  llsdiv.o(.text)
    __2printf                                0x08000279   Thumb Code    20  noretval__2printf.o(.text)
    __2sprintf                               0x08000291   Thumb Code    34  noretval__2sprintf.o(.text)
    _printf_int_dec                          0x080002b9   Thumb Code   104  _printf_dec.o(.text)
    __printf                                 0x08000331   Thumb Code   308  __printf_flags_wp.o(.text)
    memcmp                                   0x08000469   Thumb Code    88  memcmp.o(.text)
    __aeabi_memcpy4                          0x080004c1   Thumb Code     0  rt_memcpy_w.o(.text)
    __aeabi_memcpy8                          0x080004c1   Thumb Code     0  rt_memcpy_w.o(.text)
    __rt_memcpy_w                            0x080004c1   Thumb Code   100  rt_memcpy_w.o(.text)
    _memcpy_lastbytes_aligned                0x08000509   Thumb Code     0  rt_memcpy_w.o(.text)
    __aeabi_memset                           0x08000525   Thumb Code    16  aeabi_memset.o(.text)
    __aeabi_memclr4                          0x08000535   Thumb Code     0  rt_memclr_w.o(.text)
    __aeabi_memclr8                          0x08000535   Thumb Code     0  rt_memclr_w.o(.text)
    __rt_memclr_w                            0x08000535   Thumb Code    78  rt_memclr_w.o(.text)
    _memset_w                                0x08000539   Thumb Code     0  rt_memclr_w.o(.text)
    __use_two_region_memory                  0x08000583   Thumb Code     2  heapauxi.o(.text)
    __rt_heap_escrow$2region                 0x08000585   Thumb Code     2  heapauxi.o(.text)
    __rt_heap_expand$2region                 0x08000587   Thumb Code     2  heapauxi.o(.text)
    __I$use$semihosting                      0x08000589   Thumb Code     0  use_no_semi.o(.text)
    __use_no_semihosting_swi                 0x08000589   Thumb Code     2  use_no_semi.o(.text)
    __aeabi_uldivmod                         0x0800058b   Thumb Code     0  lludivv7m.o(.text)
    _ll_udiv                                 0x0800058b   Thumb Code   238  lludivv7m.o(.text)
    _printf_int_common                       0x08000679   Thumb Code   178  _printf_intcommon.o(.text)
    __lib_sel_fp_printf                      0x0800072b   Thumb Code     2  _printf_fp_dec.o(.text)
    _printf_fp_dec_real                      0x080008d9   Thumb Code   620  _printf_fp_dec.o(.text)
    _printf_char_common                      0x08000b4f   Thumb Code    32  _printf_char_common.o(.text)
    _sputc                                   0x08000b75   Thumb Code    10  _sputc.o(.text)
    _printf_char_file                        0x08000b81   Thumb Code    32  _printf_char_file.o(.text)
    __aeabi_memclr                           0x08000ba5   Thumb Code     0  rt_memclr.o(.text)
    __rt_memclr                              0x08000ba5   Thumb Code    68  rt_memclr.o(.text)
    _memset                                  0x08000ba9   Thumb Code     0  rt_memclr.o(.text)
    __rt_locale                              0x08000be9   Thumb Code     8  rt_locale_intlibspace.o(.text)
    _ll_udiv10                               0x08000bf1   Thumb Code   138  lludiv10.o(.text)
    _printf_fp_infnan                        0x08000c7d   Thumb Code   112  _printf_fp_infnan.o(.text)
    _btod_etento                             0x08000cfd   Thumb Code   216  bigflt0.o(.text)
    ferror                                   0x08000dd9   Thumb Code     8  ferror.o(.text)
    __user_libspace                          0x08000de1   Thumb Code     8  libspace.o(.text)
    __user_perproc_libspace                  0x08000de1   Thumb Code     0  libspace.o(.text)
    __user_perthread_libspace                0x08000de1   Thumb Code     0  libspace.o(.text)
    __user_setup_stackheap                   0x08000de9   Thumb Code    74  sys_stackheap_outer.o(.text)
    exit                                     0x08000e33   Thumb Code    12  exit.o(.text)
    strcmp                                   0x08000e41   Thumb Code   128  strcmpv7m.o(.text)
    _btod_d2e                                0x08000ec1   Thumb Code    62  btod.o(CL$$btod_d2e)
    _d2e_denorm_low                          0x08000eff   Thumb Code    70  btod.o(CL$$btod_d2e_denorm_low)
    _d2e_norm_op1                            0x08000f45   Thumb Code    96  btod.o(CL$$btod_d2e_norm_op1)
    __btod_div_common                        0x08000fa5   Thumb Code   696  btod.o(CL$$btod_div_common)
    _e2e                                     0x080012dd   Thumb Code   198  btod.o(CL$$btod_e2e)
    _btod_ediv                               0x080013a3   Thumb Code    40  btod.o(CL$$btod_ediv)
    _btod_emul                               0x080013cb   Thumb Code    40  btod.o(CL$$btod_emul)
    __btod_mult_common                       0x080013f3   Thumb Code   580  btod.o(CL$$btod_mult_common)
    Barrier_detach                           0x08001639   Thumb Code   294  ultrasonic.o(i.Barrier_detach)
    BusFault_Handler                         0x080017b1   Thumb Code     4  stm32f10x_it.o(i.BusFault_Handler)
    Car_Left                                 0x080017b5   Thumb Code    62  app_motor.o(i.Car_Left)
    Car_Right                                0x080017fd   Thumb Code    62  app_motor.o(i.Car_Right)
    Car_Run                                  0x08001845   Thumb Code    66  app_motor.o(i.Car_Run)
    Car_SpinLeft                             0x08001891   Thumb Code    64  app_motor.o(i.Car_SpinLeft)
    Car_SpinRight                            0x080018d9   Thumb Code    64  app_motor.o(i.Car_SpinRight)
    Car_Stop                                 0x08001921   Thumb Code    60  app_motor.o(i.Car_Stop)
    Carsysterm_init                          0x08001965   Thumb Code   162  main.o(i.Carsysterm_init)
    DebugMon_Handler                         0x08001a29   Thumb Code     2  stm32f10x_it.o(i.DebugMon_Handler)
    ESP8266_Init                             0x08001a2d   Thumb Code   234  esp8266.o(i.ESP8266_Init)
    GPIO_Init                                0x08001b81   Thumb Code   278  stm32f10x_gpio.o(i.GPIO_Init)
    GPIO_ReadInputDataBit                    0x08001c97   Thumb Code    18  stm32f10x_gpio.o(i.GPIO_ReadInputDataBit)
    GPIO_ResetBits                           0x08001ca9   Thumb Code     4  stm32f10x_gpio.o(i.GPIO_ResetBits)
    GPIO_SetBits                             0x08001cad   Thumb Code     4  stm32f10x_gpio.o(i.GPIO_SetBits)
    HardFault_Handler                        0x08001cb1   Thumb Code     4  stm32f10x_it.o(i.HardFault_Handler)
    IWDG_Enable                              0x08001cb5   Thumb Code    10  stm32f10x_iwdg.o(i.IWDG_Enable)
    IWDG_Feed                                0x08001cc5   Thumb Code     8  iwdg.o(i.IWDG_Feed)
    IWDG_Init                                0x08001ccd   Thumb Code    36  iwdg.o(i.IWDG_Init)
    IWDG_ReloadCounter                       0x08001cf1   Thumb Code    10  stm32f10x_iwdg.o(i.IWDG_ReloadCounter)
    IWDG_SetPrescaler                        0x08001d01   Thumb Code     6  stm32f10x_iwdg.o(i.IWDG_SetPrescaler)
    IWDG_SetReload                           0x08001d0d   Thumb Code     6  stm32f10x_iwdg.o(i.IWDG_SetReload)
    IWDG_WriteAccessCmd                      0x08001d19   Thumb Code     6  stm32f10x_iwdg.o(i.IWDG_WriteAccessCmd)
    LED_Init                                 0x08001d25   Thumb Code    72  led.o(i.LED_Init)
    MOTOR_GPIO_Init                          0x08001d75   Thumb Code    50  bsp_gpio.o(i.MOTOR_GPIO_Init)
    MPU_IIC_Ack                              0x08001dad   Thumb Code    62  mpuiic.o(i.MPU_IIC_Ack)
    MPU_IIC_Delay                            0x08001df9   Thumb Code    10  mpuiic.o(i.MPU_IIC_Delay)
    MPU_IIC_Init                             0x08001e05   Thumb Code    50  mpuiic.o(i.MPU_IIC_Init)
    MPU_IIC_NAck                             0x08001e3d   Thumb Code    62  mpuiic.o(i.MPU_IIC_NAck)
    MPU_IIC_Read_Byte                        0x08001e89   Thumb Code    94  mpuiic.o(i.MPU_IIC_Read_Byte)
    MPU_IIC_Send_Byte                        0x08001ef5   Thumb Code    80  mpuiic.o(i.MPU_IIC_Send_Byte)
    MPU_IIC_Start                            0x08001f51   Thumb Code    60  mpuiic.o(i.MPU_IIC_Start)
    MPU_IIC_Stop                             0x08001f99   Thumb Code    58  mpuiic.o(i.MPU_IIC_Stop)
    MPU_IIC_Wait_Ack                         0x08001fe1   Thumb Code    86  mpuiic.o(i.MPU_IIC_Wait_Ack)
    MPU_Read_Len                             0x08002045   Thumb Code   116  mpu6050.o(i.MPU_Read_Len)
    MPU_Write_Len                            0x080020b9   Thumb Code    96  mpu6050.o(i.MPU_Write_Len)
    MemManage_Handler                        0x08002119   Thumb Code     4  stm32f10x_it.o(i.MemManage_Handler)
    Motor_PWM_Init                           0x0800211d   Thumb Code   232  bsp_motor.o(i.Motor_PWM_Init)
    NMI_Handler                              0x0800220d   Thumb Code     2  stm32f10x_it.o(i.NMI_Handler)
    NVIC_Init                                0x08002211   Thumb Code   100  misc.o(i.NVIC_Init)
    NVIC_PriorityGroupConfig                 0x08002281   Thumb Code    10  misc.o(i.NVIC_PriorityGroupConfig)
    PID_Init                                 0x08002295   Thumb Code    32  pid.o(i.PID_Init)
    PID_operation                            0x080022c9   Thumb Code   150  pid.o(i.PID_operation)
    PID_out                                  0x08002361   Thumb Code   238  pid.o(i.PID_out)
    PendSV_Handler                           0x08002475   Thumb Code     2  stm32f10x_it.o(i.PendSV_Handler)
    RCC_APB1PeriphClockCmd                   0x08002479   Thumb Code    26  stm32f10x_rcc.o(i.RCC_APB1PeriphClockCmd)
    RCC_APB2PeriphClockCmd                   0x08002499   Thumb Code    26  stm32f10x_rcc.o(i.RCC_APB2PeriphClockCmd)
    RCC_GetClocksFreq                        0x080024b9   Thumb Code   192  stm32f10x_rcc.o(i.RCC_GetClocksFreq)
    Read_mode                                0x0800258d   Thumb Code   332  rfid.o(i.Read_mode)
    RfidUart_Send_Data                       0x08002711   Thumb Code    48  rfid.o(i.RfidUart_Send_Data)
    SVC_Handler                              0x08002741   Thumb Code     2  stm32f10x_it.o(i.SVC_Handler)
    SysTick_CLKSourceConfig                  0x0800282d   Thumb Code    40  misc.o(i.SysTick_CLKSourceConfig)
    SysTick_Handler                          0x08002855   Thumb Code     2  stm32f10x_it.o(i.SysTick_Handler)
    SystemInit                               0x08002859   Thumb Code    78  system_stm32f10x.o(i.SystemInit)
    TIM2_IRQHandler                          0x080028b9   Thumb Code    32  ultrasonic.o(i.TIM2_IRQHandler)
    TIM3_IRQHandler                          0x080028dd   Thumb Code    36  mpu6050.o(i.TIM3_IRQHandler)
    TIM3_Init                                0x08002909   Thumb Code    90  mpu6050.o(i.TIM3_Init)
    TIM_ClearITPendingBit                    0x08002969   Thumb Code     6  stm32f10x_tim.o(i.TIM_ClearITPendingBit)
    TIM_Cmd                                  0x0800296f   Thumb Code    24  stm32f10x_tim.o(i.TIM_Cmd)
    TIM_GetCounter                           0x08002987   Thumb Code     6  stm32f10x_tim.o(i.TIM_GetCounter)
    TIM_GetITStatus                          0x0800298d   Thumb Code    34  stm32f10x_tim.o(i.TIM_GetITStatus)
    TIM_ITConfig                             0x080029af   Thumb Code    18  stm32f10x_tim.o(i.TIM_ITConfig)
    TIM_OC3Init                              0x080029c1   Thumb Code   150  stm32f10x_tim.o(i.TIM_OC3Init)
    TIM_OC3PreloadConfig                     0x08002a61   Thumb Code    18  stm32f10x_tim.o(i.TIM_OC3PreloadConfig)
    TIM_OC4Init                              0x08002a75   Thumb Code   114  stm32f10x_tim.o(i.TIM_OC4Init)
    TIM_OC4PreloadConfig                     0x08002af1   Thumb Code    26  stm32f10x_tim.o(i.TIM_OC4PreloadConfig)
    TIM_SetCompare3                          0x08002b0b   Thumb Code     4  stm32f10x_tim.o(i.TIM_SetCompare3)
    TIM_SetCompare4                          0x08002b0f   Thumb Code     6  stm32f10x_tim.o(i.TIM_SetCompare4)
    TIM_TimeBaseInit                         0x08002b15   Thumb Code   122  stm32f10x_tim.o(i.TIM_TimeBaseInit)
    Timer2_Init                              0x08002bb9   Thumb Code    96  ultrasonic.o(i.Timer2_Init)
    UART_send_char                           0x08002c19   Thumb Code    16  my_uart.o(i.UART_send_char)
    UART_send_string                         0x08002c29   Thumb Code    26  my_uart.o(i.UART_send_string)
    USART1_IRQHandler                        0x08002c45   Thumb Code   122  usart.o(i.USART1_IRQHandler)
    USART2_IRQHandler                        0x08002ccd   Thumb Code   122  my_uart.o(i.USART2_IRQHandler)
    USART2_Init                              0x08002d55   Thumb Code   156  my_uart.o(i.USART2_Init)
    USART3_IRQHandler                        0x08002df9   Thumb Code    54  my_uart.o(i.USART3_IRQHandler)
    USART3_Init                              0x08002e41   Thumb Code   160  my_uart.o(i.USART3_Init)
    USART_Cmd                                0x08002ee9   Thumb Code    24  stm32f10x_usart.o(i.USART_Cmd)
    USART_GetFlagStatus                      0x08002f01   Thumb Code    26  stm32f10x_usart.o(i.USART_GetFlagStatus)
    USART_GetITStatus                        0x08002f1b   Thumb Code    84  stm32f10x_usart.o(i.USART_GetITStatus)
    USART_ITConfig                           0x08002f6f   Thumb Code    74  stm32f10x_usart.o(i.USART_ITConfig)
    USART_Init                               0x08002fb9   Thumb Code   210  stm32f10x_usart.o(i.USART_Init)
    USART_ReceiveData                        0x08003091   Thumb Code    10  stm32f10x_usart.o(i.USART_ReceiveData)
    USART_SendData                           0x0800309b   Thumb Code     8  stm32f10x_usart.o(i.USART_SendData)
    Ultrasonic_GPIO_Init                     0x080030a5   Thumb Code    74  ultrasonic.o(i.Ultrasonic_GPIO_Init)
    UsageFault_Handler                       0x080030f5   Thumb Code     4  stm32f10x_it.o(i.UsageFault_Handler)
    __ARM_fpclassify                         0x080030f9   Thumb Code    40  fpclassify.o(i.__ARM_fpclassify)
    __kernel_poly                            0x08003121   Thumb Code   170  poly.o(i.__kernel_poly)
    __mathlib_dbl_infnan                     0x080031cb   Thumb Code     6  dunder.o(i.__mathlib_dbl_infnan)
    __mathlib_dbl_infnan2                    0x080031d1   Thumb Code     4  dunder.o(i.__mathlib_dbl_infnan2)
    __mathlib_dbl_underflow                  0x080031d5   Thumb Code    10  dunder.o(i.__mathlib_dbl_underflow)
    _is_digit                                0x080031e5   Thumb Code    14  __printf_wp.o(i._is_digit)
    _sys_exit                                0x080031f3   Thumb Code     6  usart.o(i._sys_exit)
    atan                                     0x080032a1   Thumb Code   474  atan.o(i.atan)
    atan2                                    0x080034c1   Thumb Code   346  atan2.o(i.atan2)
    bsp_getUltrasonicDistance                0x08003641   Thumb Code   182  ultrasonic.o(i.bsp_getUltrasonicDistance)
    check_yaw                                0x08003709   Thumb Code   152  pid.o(i.check_yaw)
    constrain_int                            0x080037b1   Thumb Code    22  pid.o(i.constrain_int)
    delay_init                               0x0800382d   Thumb Code    50  delay.o(i.delay_init)
    delay_ms                                 0x08003871   Thumb Code    72  delay.o(i.delay_ms)
    delay_us                                 0x080038bd   Thumb Code    72  delay.o(i.delay_us)
    dir_pro                                  0x08003909   Thumb Code    52  rfid.o(i.dir_pro)
    dmp_enable_6x_lp_quat                    0x08003941   Thumb Code    60  inv_mpu_dmp_motion_driver.o(i.dmp_enable_6x_lp_quat)
    dmp_enable_feature                       0x0800397d   Thumb Code   530  inv_mpu_dmp_motion_driver.o(i.dmp_enable_feature)
    dmp_enable_gyro_cal                      0x08003b99   Thumb Code    62  inv_mpu_dmp_motion_driver.o(i.dmp_enable_gyro_cal)
    dmp_enable_lp_quat                       0x08003bf1   Thumb Code    60  inv_mpu_dmp_motion_driver.o(i.dmp_enable_lp_quat)
    dmp_load_motion_driver_firmware          0x08003c2d   Thumb Code    20  inv_mpu_dmp_motion_driver.o(i.dmp_load_motion_driver_firmware)
    dmp_read_fifo                            0x08003c45   Thumb Code   456  inv_mpu_dmp_motion_driver.o(i.dmp_read_fifo)
    dmp_set_accel_bias                       0x08003e11   Thumb Code   300  inv_mpu_dmp_motion_driver.o(i.dmp_set_accel_bias)
    dmp_set_fifo_rate                        0x08003f41   Thumb Code    96  inv_mpu_dmp_motion_driver.o(i.dmp_set_fifo_rate)
    dmp_set_gyro_bias                        0x08003fb1   Thumb Code   294  inv_mpu_dmp_motion_driver.o(i.dmp_set_gyro_bias)
    dmp_set_orientation                      0x080040e1   Thumb Code   290  inv_mpu_dmp_motion_driver.o(i.dmp_set_orientation)
    dmp_set_shake_reject_thresh              0x08004219   Thumb Code    56  inv_mpu_dmp_motion_driver.o(i.dmp_set_shake_reject_thresh)
    dmp_set_shake_reject_time                0x08004251   Thumb Code    38  inv_mpu_dmp_motion_driver.o(i.dmp_set_shake_reject_time)
    dmp_set_shake_reject_timeout             0x08004277   Thumb Code    38  inv_mpu_dmp_motion_driver.o(i.dmp_set_shake_reject_timeout)
    dmp_set_tap_axes                         0x0800429d   Thumb Code    70  inv_mpu_dmp_motion_driver.o(i.dmp_set_tap_axes)
    dmp_set_tap_count                        0x080042e3   Thumb Code    38  inv_mpu_dmp_motion_driver.o(i.dmp_set_tap_count)
    dmp_set_tap_thresh                       0x08004309   Thumb Code   396  inv_mpu_dmp_motion_driver.o(i.dmp_set_tap_thresh)
    dmp_set_tap_time                         0x080044a9   Thumb Code    38  inv_mpu_dmp_motion_driver.o(i.dmp_set_tap_time)
    dmp_set_tap_time_multi                   0x080044cf   Thumb Code    38  inv_mpu_dmp_motion_driver.o(i.dmp_set_tap_time_multi)
    error_mes                                0x080044f5   Thumb Code    60  esp8266.o(i.error_mes)
    esp_config                               0x08004549   Thumb Code   132  esp8266.o(i.esp_config)
    esp_controlcar                           0x080045ed   Thumb Code   386  esp8266.o(i.esp_controlcar)
    esp_routeplan                            0x080047e9   Thumb Code    80  esp8266.o(i.esp_routeplan)
    fputc                                    0x0800485d   Thumb Code    24  usart.o(i.fputc)
    inv_orientation_matrix_to_scalar         0x08004ead   Thumb Code    40  inv_mpu.o(i.inv_orientation_matrix_to_scalar)
    inv_row_2_scale                          0x08004ed5   Thumb Code    78  inv_mpu.o(i.inv_row_2_scale)
    main                                     0x08004f25   Thumb Code   284  main.o(i.main)
    matrix_num                               0x0800505d   Thumb Code   100  rfid.o(i.matrix_num)
    mget_ms                                  0x080050e1   Thumb Code     2  inv_mpu.o(i.mget_ms)
    mpu_configure_fifo                       0x080050e5   Thumb Code   106  inv_mpu.o(i.mpu_configure_fifo)
    mpu_dmp_init                             0x08005155   Thumb Code   156  inv_mpu.o(i.mpu_dmp_init)
    mpu_get_accel_fsr                        0x080051f5   Thumb Code    72  inv_mpu.o(i.mpu_get_accel_fsr)
    mpu_get_accel_sens                       0x08005241   Thumb Code    78  inv_mpu.o(i.mpu_get_accel_sens)
    mpu_get_fifo_config                      0x08005295   Thumb Code    12  inv_mpu.o(i.mpu_get_fifo_config)
    mpu_get_gyro_fsr                         0x080052a5   Thumb Code    64  inv_mpu.o(i.mpu_get_gyro_fsr)
    mpu_get_gyro_sens                        0x080052e9   Thumb Code    58  inv_mpu.o(i.mpu_get_gyro_sens)
    mpu_get_lpf                              0x08005339   Thumb Code    74  inv_mpu.o(i.mpu_get_lpf)
    mpu_get_sample_rate                      0x08005389   Thumb Code    26  inv_mpu.o(i.mpu_get_sample_rate)
    mpu_init                                 0x080053a9   Thumb Code   418  inv_mpu.o(i.mpu_init)
    mpu_load_firmware                        0x0800559d   Thumb Code   180  inv_mpu.o(i.mpu_load_firmware)
    mpu_lp_accel_mode                        0x08005655   Thumb Code   218  inv_mpu.o(i.mpu_lp_accel_mode)
    mpu_read_fifo_stream                     0x08005735   Thumb Code   186  inv_mpu.o(i.mpu_read_fifo_stream)
    mpu_read_mem                             0x080057f5   Thumb Code   122  inv_mpu.o(i.mpu_read_mem)
    mpu_reset_fifo                           0x08005875   Thumb Code   450  inv_mpu.o(i.mpu_reset_fifo)
    mpu_run_self_test                        0x08005a3d   Thumb Code   278  inv_mpu.o(i.mpu_run_self_test)
    mpu_set_accel_fsr                        0x08005b59   Thumb Code   126  inv_mpu.o(i.mpu_set_accel_fsr)
    mpu_set_bypass                           0x08005bdd   Thumb Code   328  inv_mpu.o(i.mpu_set_bypass)
    mpu_set_dmp_state                        0x08005d29   Thumb Code   138  inv_mpu.o(i.mpu_set_dmp_state)
    mpu_set_gyro_fsr                         0x08005db9   Thumb Code   132  inv_mpu.o(i.mpu_set_gyro_fsr)
    mpu_set_int_latched                      0x08005e41   Thumb Code   102  inv_mpu.o(i.mpu_set_int_latched)
    mpu_set_lpf                              0x08005ead   Thumb Code   126  inv_mpu.o(i.mpu_set_lpf)
    mpu_set_sample_rate                      0x08005f31   Thumb Code   152  inv_mpu.o(i.mpu_set_sample_rate)
    mpu_set_sensors                          0x08005fcd   Thumb Code   202  inv_mpu.o(i.mpu_set_sensors)
    mpu_write_mem                            0x0800609d   Thumb Code   122  inv_mpu.o(i.mpu_write_mem)
    mpuget_yaw                               0x0800611d   Thumb Code   298  inv_mpu.o(i.mpuget_yaw)
    run_self_test                            0x0800624d   Thumb Code   148  inv_mpu.o(i.run_self_test)
    select_mode                              0x080062e1   Thumb Code    58  esp8266.o(i.select_mode)
    soft_reset                               0x080063b5   Thumb Code   128  esp8266.o(i.soft_reset)
    uart_init                                0x08006451   Thumb Code   152  usart.o(i.uart_init)
    _get_lc_numeric                          0x080064f1   Thumb Code    44  lc_numeric_c.o(locale$$code)
    __aeabi_d2f                              0x0800651d   Thumb Code     0  d2f.o(x$fpl$d2f)
    _d2f                                     0x0800651d   Thumb Code    98  d2f.o(x$fpl$d2f)
    __aeabi_dadd                             0x08006581   Thumb Code     0  daddsub_clz.o(x$fpl$dadd)
    _dadd                                    0x08006581   Thumb Code   332  daddsub_clz.o(x$fpl$dadd)
    __fpl_dcheck_NaN1                        0x080066d1   Thumb Code    10  dcheck1.o(x$fpl$dcheck1)
    __aeabi_ddiv                             0x080066e1   Thumb Code     0  ddiv.o(x$fpl$ddiv)
    _ddiv                                    0x080066e1   Thumb Code   552  ddiv.o(x$fpl$ddiv)
    __aeabi_ui2d                             0x08006991   Thumb Code     0  dflt_clz.o(x$fpl$dfltu)
    _dfltu                                   0x08006991   Thumb Code    38  dflt_clz.o(x$fpl$dfltu)
    __aeabi_dmul                             0x080069b9   Thumb Code     0  dmul.o(x$fpl$dmul)
    _dmul                                    0x080069b9   Thumb Code   332  dmul.o(x$fpl$dmul)
    __fpl_dnaninf                            0x08006b0d   Thumb Code   156  dnaninf.o(x$fpl$dnaninf)
    __fpl_dretinf                            0x08006ba9   Thumb Code    12  dretinf.o(x$fpl$dretinf)
    __aeabi_drsub                            0x08006bb5   Thumb Code     0  daddsub_clz.o(x$fpl$drsb)
    _drsb                                    0x08006bb5   Thumb Code    22  daddsub_clz.o(x$fpl$drsb)
    __aeabi_dsub                             0x08006bcd   Thumb Code     0  daddsub_clz.o(x$fpl$dsub)
    _dsub                                    0x08006bcd   Thumb Code   464  daddsub_clz.o(x$fpl$dsub)
    __aeabi_f2d                              0x08006da1   Thumb Code     0  f2d.o(x$fpl$f2d)
    _f2d                                     0x08006da1   Thumb Code    86  f2d.o(x$fpl$f2d)
    __aeabi_fadd                             0x08006df9   Thumb Code     0  faddsub_clz.o(x$fpl$fadd)
    _fadd                                    0x08006df9   Thumb Code   196  faddsub_clz.o(x$fpl$fadd)
    __fpl_fcmp_Inf                           0x08006ebd   Thumb Code    24  fcmpi.o(x$fpl$fcmpinf)
    __aeabi_fdiv                             0x08006ed5   Thumb Code     0  fdiv.o(x$fpl$fdiv)
    _fdiv                                    0x08006ed5   Thumb Code   384  fdiv.o(x$fpl$fdiv)
    __aeabi_cfcmpeq                          0x08007059   Thumb Code     0  feqf.o(x$fpl$feqf)
    _fcmpeq                                  0x08007059   Thumb Code   104  feqf.o(x$fpl$feqf)
    __aeabi_f2iz                             0x080070c1   Thumb Code     0  ffix.o(x$fpl$ffix)
    _ffix                                    0x080070c1   Thumb Code    54  ffix.o(x$fpl$ffix)
    __aeabi_f2uiz                            0x080070f9   Thumb Code     0  ffixu.o(x$fpl$ffixu)
    _ffixu                                   0x080070f9   Thumb Code    62  ffixu.o(x$fpl$ffixu)
    __aeabi_i2f                              0x08007139   Thumb Code     0  fflt_clz.o(x$fpl$fflt)
    _fflt                                    0x08007139   Thumb Code    48  fflt_clz.o(x$fpl$fflt)
    __aeabi_ui2f                             0x08007169   Thumb Code     0  fflt_clz.o(x$fpl$ffltu)
    _ffltu                                   0x08007169   Thumb Code    38  fflt_clz.o(x$fpl$ffltu)
    __aeabi_cfcmple                          0x08007191   Thumb Code     0  fleqf.o(x$fpl$fleqf)
    _fcmple                                  0x08007191   Thumb Code   104  fleqf.o(x$fpl$fleqf)
    __fpl_fcmple_InfNaN                      0x080071e3   Thumb Code     0  fleqf.o(x$fpl$fleqf)
    __aeabi_fmul                             0x080071f9   Thumb Code     0  fmul.o(x$fpl$fmul)
    _fmul                                    0x080071f9   Thumb Code   258  fmul.o(x$fpl$fmul)
    __fpl_fnaninf                            0x080072fb   Thumb Code   140  fnaninf.o(x$fpl$fnaninf)
    __fpl_fretinf                            0x08007387   Thumb Code    10  fretinf.o(x$fpl$fretinf)
    __aeabi_cfrcmple                         0x08007391   Thumb Code     0  frleqf.o(x$fpl$frleqf)
    _frcmple                                 0x08007391   Thumb Code    98  frleqf.o(x$fpl$frleqf)
    __aeabi_frsub                            0x080073f3   Thumb Code     0  faddsub_clz.o(x$fpl$frsb)
    _frsb                                    0x080073f3   Thumb Code    20  faddsub_clz.o(x$fpl$frsb)
    __aeabi_fsub                             0x08007409   Thumb Code     0  faddsub_clz.o(x$fpl$fsub)
    _fsub                                    0x08007409   Thumb Code   234  faddsub_clz.o(x$fpl$fsub)
    _printf_fp_dec                           0x080074f3   Thumb Code     4  printf1.o(x$fpl$printf1)
    __fpl_return_NaN                         0x080074f7   Thumb Code   100  retnan.o(x$fpl$retnan)
    __ARM_scalbn                             0x0800755b   Thumb Code    92  scalbn.o(x$fpl$scalbn)
    __fpl_cmpreturn                          0x080075b7   Thumb Code    48  trapv.o(x$fpl$trapveneer)
    __I$use$fp                               0x080075e6   Number         0  usenofp.o(x$fpl$usenofp)
    reg                                      0x080075e8   Data          27  inv_mpu.o(.constdata)
    hw                                       0x08007604   Data          12  inv_mpu.o(.constdata)
    test                                     0x08007610   Data          40  inv_mpu.o(.constdata)
    __mathlib_zero                           0x080082d8   Data           8  qnan.o(.constdata)
    Region$$Table$$Base                      0x080083cc   Number         0  anon$$obj.o(Region$$Table)
    Region$$Table$$Limit                     0x080083ec   Number         0  anon$$obj.o(Region$$Table)
    Mode                                     0x20000000   Data           1  main.o(.data)
    Iscar_run                                0x20000001   Data           1  main.o(.data)
    set_yaw                                  0x20000004   Data           4  main.o(.data)
    SystemCoreClock                          0x20000008   Data           4  system_stm32f10x.o(.data)
    AHBPrescTable                            0x2000000c   Data          16  system_stm32f10x.o(.data)
    USART2_RX_STA                            0x2000001c   Data           2  my_uart.o(.data)
    USART3_RX_STA                            0x2000001e   Data           1  my_uart.o(.data)
    IS_unvantra                              0x20000020   Data           1  esp8266.o(.data)
    cstr1                                    0x20000024   Data           4  esp8266.o(.data)
    Ti                                       0x20000028   Data           2  esp8266.o(.data)
    mputime_nvic                             0x2000002a   Data           1  mpu6050.o(.data)
    exter_speed                              0x20000062   Data           2  pid.o(.data)
    dir_flag                                 0x20000065   Data           1  rfid.o(.data)
    Rx3Flag                                  0x20000066   Data           1  rfid.o(.data)
    Aim_id                                   0x20000067   Data           8  rfid.o(.data)
    Cmd_Read_Id                              0x2000006f   Data           8  rfid.o(.data)
    Cmd_Read_Block                           0x20000077   Data           8  rfid.o(.data)
    Cmd_Write_Block                          0x2000007f   Data          23  rfid.o(.data)
    WBlockData                               0x20000096   Data          16  rfid.o(.data)
    overcount                                0x200000a8   Data           4  ultrasonic.o(.data)
    __stdout                                 0x200000b4   Data           4  usart.o(.data)
    USART_RX_STA                             0x200000b8   Data           2  usart.o(.data)
    USART2_RX_BUF                            0x200000d0   Data          50  my_uart.o(.bss)
    USART3_RX_BUF                            0x20000102   Data          50  my_uart.o(.bss)
    pid_yaw                                  0x20000144   Data          36  pid.o(.bss)
    USART_RX_BUF                             0x20000168   Data         200  usart.o(.bss)
    __libspace_start                         0x20000230   Data          96  libspace.o(.bss)
    __temporary_stack_top$libspace           0x20000290   Data           0  libspace.o(.bss)



==============================================================================

Memory Map of the image

  Image Entry point : 0x08000131

  Load Region LR_IROM1 (Base: 0x08000000, Size: 0x000084d8, Max: 0x00040000, ABSOLUTE)

    Execution Region ER_IROM1 (Base: 0x08000000, Size: 0x00008408, Max: 0x00040000, ABSOLUTE)

    Base Addr    Size         Type   Attr      Idx    E Section Name        Object

    0x08000000   0x00000130   Data   RO         1442    RESET               startup_stm32f10x_hd.o
    0x08000130   0x00000008   Code   RO         2696  * !!!main             c_w.l(__main.o)
    0x08000138   0x00000034   Code   RO         3065    !!!scatter          c_w.l(__scatter.o)
    0x0800016c   0x0000001a   Code   RO         3067    !!handler_copy      c_w.l(__scatter_copy.o)
    0x08000186   0x00000002   PAD
    0x08000188   0x0000001c   Code   RO         3069    !!handler_zi        c_w.l(__scatter_zi.o)
    0x080001a4   0x00000000   Code   RO         2685    .ARM.Collect$$_printf_percent$$00000000  c_w.l(_printf_percent.o)
    0x080001a4   0x00000006   Code   RO         2684    .ARM.Collect$$_printf_percent$$00000003  c_w.l(_printf_f.o)
    0x080001aa   0x00000006   Code   RO         2683    .ARM.Collect$$_printf_percent$$00000009  c_w.l(_printf_d.o)
    0x080001b0   0x00000004   Code   RO         2789    .ARM.Collect$$_printf_percent$$00000017  c_w.l(_printf_percent_end.o)
    0x080001b4   0x00000002   Code   RO         2933    .ARM.Collect$$libinit$$00000000  c_w.l(libinit.o)
    0x080001b6   0x00000000   Code   RO         2935    .ARM.Collect$$libinit$$00000002  c_w.l(libinit2.o)
    0x080001b6   0x00000000   Code   RO         2937    .ARM.Collect$$libinit$$00000004  c_w.l(libinit2.o)
    0x080001b6   0x00000000   Code   RO         2940    .ARM.Collect$$libinit$$0000000A  c_w.l(libinit2.o)
    0x080001b6   0x00000000   Code   RO         2942    .ARM.Collect$$libinit$$0000000C  c_w.l(libinit2.o)
    0x080001b6   0x00000000   Code   RO         2944    .ARM.Collect$$libinit$$0000000E  c_w.l(libinit2.o)
    0x080001b6   0x00000006   Code   RO         2945    .ARM.Collect$$libinit$$0000000F  c_w.l(libinit2.o)
    0x080001bc   0x00000000   Code   RO         2947    .ARM.Collect$$libinit$$00000011  c_w.l(libinit2.o)
    0x080001bc   0x00000000   Code   RO         2949    .ARM.Collect$$libinit$$00000013  c_w.l(libinit2.o)
    0x080001bc   0x00000000   Code   RO         2951    .ARM.Collect$$libinit$$00000015  c_w.l(libinit2.o)
    0x080001bc   0x0000000a   Code   RO         2952    .ARM.Collect$$libinit$$00000016  c_w.l(libinit2.o)
    0x080001c6   0x00000000   Code   RO         2953    .ARM.Collect$$libinit$$00000017  c_w.l(libinit2.o)
    0x080001c6   0x00000000   Code   RO         2955    .ARM.Collect$$libinit$$00000019  c_w.l(libinit2.o)
    0x080001c6   0x00000000   Code   RO         2957    .ARM.Collect$$libinit$$0000001B  c_w.l(libinit2.o)
    0x080001c6   0x00000000   Code   RO         2959    .ARM.Collect$$libinit$$0000001D  c_w.l(libinit2.o)
    0x080001c6   0x00000000   Code   RO         2961    .ARM.Collect$$libinit$$0000001F  c_w.l(libinit2.o)
    0x080001c6   0x00000000   Code   RO         2963    .ARM.Collect$$libinit$$00000021  c_w.l(libinit2.o)
    0x080001c6   0x00000000   Code   RO         2965    .ARM.Collect$$libinit$$00000023  c_w.l(libinit2.o)
    0x080001c6   0x00000000   Code   RO         2967    .ARM.Collect$$libinit$$00000025  c_w.l(libinit2.o)
    0x080001c6   0x00000000   Code   RO         2971    .ARM.Collect$$libinit$$0000002C  c_w.l(libinit2.o)
    0x080001c6   0x00000000   Code   RO         2973    .ARM.Collect$$libinit$$0000002E  c_w.l(libinit2.o)
    0x080001c6   0x00000000   Code   RO         2975    .ARM.Collect$$libinit$$00000030  c_w.l(libinit2.o)
    0x080001c6   0x00000000   Code   RO         2977    .ARM.Collect$$libinit$$00000032  c_w.l(libinit2.o)
    0x080001c6   0x00000002   Code   RO         2978    .ARM.Collect$$libinit$$00000033  c_w.l(libinit2.o)
    0x080001c8   0x00000002   Code   RO         3026    .ARM.Collect$$libshutdown$$00000000  c_w.l(libshutdown.o)
    0x080001ca   0x00000000   Code   RO         3036    .ARM.Collect$$libshutdown$$00000003  c_w.l(libshutdown2.o)
    0x080001ca   0x00000000   Code   RO         3039    .ARM.Collect$$libshutdown$$00000006  c_w.l(libshutdown2.o)
    0x080001ca   0x00000000   Code   RO         3042    .ARM.Collect$$libshutdown$$00000009  c_w.l(libshutdown2.o)
    0x080001ca   0x00000000   Code   RO         3044    .ARM.Collect$$libshutdown$$0000000B  c_w.l(libshutdown2.o)
    0x080001ca   0x00000000   Code   RO         3047    .ARM.Collect$$libshutdown$$0000000E  c_w.l(libshutdown2.o)
    0x080001ca   0x00000002   Code   RO         3048    .ARM.Collect$$libshutdown$$0000000F  c_w.l(libshutdown2.o)
    0x080001cc   0x00000000   Code   RO         2774    .ARM.Collect$$rtentry$$00000000  c_w.l(__rtentry.o)
    0x080001cc   0x00000000   Code   RO         2843    .ARM.Collect$$rtentry$$00000002  c_w.l(__rtentry2.o)
    0x080001cc   0x00000006   Code   RO         2855    .ARM.Collect$$rtentry$$00000004  c_w.l(__rtentry4.o)
    0x080001d2   0x00000000   Code   RO         2845    .ARM.Collect$$rtentry$$00000009  c_w.l(__rtentry2.o)
    0x080001d2   0x00000004   Code   RO         2846    .ARM.Collect$$rtentry$$0000000A  c_w.l(__rtentry2.o)
    0x080001d6   0x00000000   Code   RO         2848    .ARM.Collect$$rtentry$$0000000C  c_w.l(__rtentry2.o)
    0x080001d6   0x00000008   Code   RO         2849    .ARM.Collect$$rtentry$$0000000D  c_w.l(__rtentry2.o)
    0x080001de   0x00000002   Code   RO         2983    .ARM.Collect$$rtexit$$00000000  c_w.l(rtexit.o)
    0x080001e0   0x00000000   Code   RO         2996    .ARM.Collect$$rtexit$$00000002  c_w.l(rtexit2.o)
    0x080001e0   0x00000004   Code   RO         2997    .ARM.Collect$$rtexit$$00000003  c_w.l(rtexit2.o)
    0x080001e4   0x00000006   Code   RO         2998    .ARM.Collect$$rtexit$$00000004  c_w.l(rtexit2.o)
    0x080001ea   0x00000002   PAD
    0x080001ec   0x00000040   Code   RO         1443    .text               startup_stm32f10x_hd.o
    0x0800022c   0x00000002   Code   RO         2623    .text               c_w.l(use_no_semi_2.o)
    0x0800022e   0x00000048   Code   RO         2625    .text               c_w.l(llsdiv.o)
    0x08000276   0x00000002   PAD
    0x08000278   0x00000018   Code   RO         2631    .text               c_w.l(noretval__2printf.o)
    0x08000290   0x00000028   Code   RO         2633    .text               c_w.l(noretval__2sprintf.o)
    0x080002b8   0x00000078   Code   RO         2639    .text               c_w.l(_printf_dec.o)
    0x08000330   0x00000138   Code   RO         2674    .text               c_w.l(__printf_flags_wp.o)
    0x08000468   0x00000058   Code   RO         2686    .text               c_w.l(memcmp.o)
    0x080004c0   0x00000064   Code   RO         2688    .text               c_w.l(rt_memcpy_w.o)
    0x08000524   0x00000010   Code   RO         2690    .text               c_w.l(aeabi_memset.o)
    0x08000534   0x0000004e   Code   RO         2692    .text               c_w.l(rt_memclr_w.o)
    0x08000582   0x00000006   Code   RO         2694    .text               c_w.l(heapauxi.o)
    0x08000588   0x00000002   Code   RO         2772    .text               c_w.l(use_no_semi.o)
    0x0800058a   0x000000ee   Code   RO         2775    .text               c_w.l(lludivv7m.o)
    0x08000678   0x000000b2   Code   RO         2779    .text               c_w.l(_printf_intcommon.o)
    0x0800072a   0x0000041a   Code   RO         2781    .text               c_w.l(_printf_fp_dec.o)
    0x08000b44   0x00000030   Code   RO         2783    .text               c_w.l(_printf_char_common.o)
    0x08000b74   0x0000000a   Code   RO         2785    .text               c_w.l(_sputc.o)
    0x08000b7e   0x00000002   PAD
    0x08000b80   0x00000024   Code   RO         2787    .text               c_w.l(_printf_char_file.o)
    0x08000ba4   0x00000044   Code   RO         2790    .text               c_w.l(rt_memclr.o)
    0x08000be8   0x00000008   Code   RO         2864    .text               c_w.l(rt_locale_intlibspace.o)
    0x08000bf0   0x0000008a   Code   RO         2871    .text               c_w.l(lludiv10.o)
    0x08000c7a   0x00000002   PAD
    0x08000c7c   0x00000080   Code   RO         2873    .text               c_w.l(_printf_fp_infnan.o)
    0x08000cfc   0x000000dc   Code   RO         2877    .text               c_w.l(bigflt0.o)
    0x08000dd8   0x00000008   Code   RO         2902    .text               c_w.l(ferror.o)
    0x08000de0   0x00000008   Code   RO         2917    .text               c_w.l(libspace.o)
    0x08000de8   0x0000004a   Code   RO         2920    .text               c_w.l(sys_stackheap_outer.o)
    0x08000e32   0x0000000c   Code   RO         2924    .text               c_w.l(exit.o)
    0x08000e3e   0x00000002   PAD
    0x08000e40   0x00000080   Code   RO         2926    .text               c_w.l(strcmpv7m.o)
    0x08000ec0   0x0000003e   Code   RO         2880    CL$$btod_d2e        c_w.l(btod.o)
    0x08000efe   0x00000046   Code   RO         2882    CL$$btod_d2e_denorm_low  c_w.l(btod.o)
    0x08000f44   0x00000060   Code   RO         2881    CL$$btod_d2e_norm_op1  c_w.l(btod.o)
    0x08000fa4   0x00000338   Code   RO         2890    CL$$btod_div_common  c_w.l(btod.o)
    0x080012dc   0x000000c6   Code   RO         2887    CL$$btod_e2e        c_w.l(btod.o)
    0x080013a2   0x00000028   Code   RO         2884    CL$$btod_ediv       c_w.l(btod.o)
    0x080013ca   0x00000028   Code   RO         2883    CL$$btod_emul       c_w.l(btod.o)
    0x080013f2   0x00000244   Code   RO         2889    CL$$btod_mult_common  c_w.l(btod.o)
    0x08001636   0x00000002   PAD
    0x08001638   0x00000178   Code   RO         1294    i.Barrier_detach    ultrasonic.o
    0x080017b0   0x00000004   Code   RO          170    i.BusFault_Handler  stm32f10x_it.o
    0x080017b4   0x00000048   Code   RO          294    i.Car_Left          app_motor.o
    0x080017fc   0x00000048   Code   RO          295    i.Car_Right         app_motor.o
    0x08001844   0x0000004c   Code   RO          296    i.Car_Run           app_motor.o
    0x08001890   0x00000048   Code   RO          297    i.Car_SpinLeft      app_motor.o
    0x080018d8   0x00000048   Code   RO          298    i.Car_SpinRight     app_motor.o
    0x08001920   0x00000044   Code   RO          299    i.Car_Stop          app_motor.o
    0x08001964   0x000000c4   Code   RO            1    i.Carsysterm_init   main.o
    0x08001a28   0x00000002   Code   RO          171    i.DebugMon_Handler  stm32f10x_it.o
    0x08001a2a   0x00000002   PAD
    0x08001a2c   0x00000154   Code   RO          439    i.ESP8266_Init      esp8266.o
    0x08001b80   0x00000116   Code   RO         1453    i.GPIO_Init         stm32f10x_gpio.o
    0x08001c96   0x00000012   Code   RO         1457    i.GPIO_ReadInputDataBit  stm32f10x_gpio.o
    0x08001ca8   0x00000004   Code   RO         1460    i.GPIO_ResetBits    stm32f10x_gpio.o
    0x08001cac   0x00000004   Code   RO         1461    i.GPIO_SetBits      stm32f10x_gpio.o
    0x08001cb0   0x00000004   Code   RO          172    i.HardFault_Handler  stm32f10x_it.o
    0x08001cb4   0x00000010   Code   RO         2579    i.IWDG_Enable       stm32f10x_iwdg.o
    0x08001cc4   0x00000008   Code   RO         1224    i.IWDG_Feed         iwdg.o
    0x08001ccc   0x00000024   Code   RO         1225    i.IWDG_Init         iwdg.o
    0x08001cf0   0x00000010   Code   RO         2581    i.IWDG_ReloadCounter  stm32f10x_iwdg.o
    0x08001d00   0x0000000c   Code   RO         2582    i.IWDG_SetPrescaler  stm32f10x_iwdg.o
    0x08001d0c   0x0000000c   Code   RO         2583    i.IWDG_SetReload    stm32f10x_iwdg.o
    0x08001d18   0x0000000c   Code   RO         2584    i.IWDG_WriteAccessCmd  stm32f10x_iwdg.o
    0x08001d24   0x00000050   Code   RO          403    i.LED_Init          led.o
    0x08001d74   0x00000038   Code   RO          415    i.MOTOR_GPIO_Init   bsp_gpio.o
    0x08001dac   0x0000004c   Code   RO          603    i.MPU_IIC_Ack       mpuiic.o
    0x08001df8   0x0000000a   Code   RO          604    i.MPU_IIC_Delay     mpuiic.o
    0x08001e02   0x00000002   PAD
    0x08001e04   0x00000038   Code   RO          605    i.MPU_IIC_Init      mpuiic.o
    0x08001e3c   0x0000004c   Code   RO          606    i.MPU_IIC_NAck      mpuiic.o
    0x08001e88   0x0000006c   Code   RO          607    i.MPU_IIC_Read_Byte  mpuiic.o
    0x08001ef4   0x0000005c   Code   RO          608    i.MPU_IIC_Send_Byte  mpuiic.o
    0x08001f50   0x00000048   Code   RO          609    i.MPU_IIC_Start     mpuiic.o
    0x08001f98   0x00000048   Code   RO          610    i.MPU_IIC_Stop      mpuiic.o
    0x08001fe0   0x00000064   Code   RO          611    i.MPU_IIC_Wait_Ack  mpuiic.o
    0x08002044   0x00000074   Code   RO          519    i.MPU_Read_Len      mpu6050.o
    0x080020b8   0x00000060   Code   RO          525    i.MPU_Write_Len     mpu6050.o
    0x08002118   0x00000004   Code   RO          173    i.MemManage_Handler  stm32f10x_it.o
    0x0800211c   0x000000f0   Code   RO          427    i.Motor_PWM_Init    bsp_motor.o
    0x0800220c   0x00000002   Code   RO          174    i.NMI_Handler       stm32f10x_it.o
    0x0800220e   0x00000002   PAD
    0x08002210   0x00000070   Code   RO         1941    i.NVIC_Init         misc.o
    0x08002280   0x00000014   Code   RO         1942    i.NVIC_PriorityGroupConfig  misc.o
    0x08002294   0x00000034   Code   RO         1183    i.PID_Init          pid.o
    0x080022c8   0x00000096   Code   RO         1184    i.PID_operation     pid.o
    0x0800235e   0x00000002   PAD
    0x08002360   0x00000114   Code   RO         1185    i.PID_out           pid.o
    0x08002474   0x00000002   Code   RO          175    i.PendSV_Handler    stm32f10x_it.o
    0x08002476   0x00000002   PAD
    0x08002478   0x00000020   Code   RO         1563    i.RCC_APB1PeriphClockCmd  stm32f10x_rcc.o
    0x08002498   0x00000020   Code   RO         1565    i.RCC_APB2PeriphClockCmd  stm32f10x_rcc.o
    0x080024b8   0x000000d4   Code   RO         1573    i.RCC_GetClocksFreq  stm32f10x_rcc.o
    0x0800258c   0x00000184   Code   RO         1243    i.Read_mode         rfid.o
    0x08002710   0x00000030   Code   RO         1244    i.RfidUart_Send_Data  rfid.o
    0x08002740   0x00000002   Code   RO          176    i.SVC_Handler       stm32f10x_it.o
    0x08002742   0x00000008   Code   RO          259    i.SetSysClock       system_stm32f10x.o
    0x0800274a   0x00000002   PAD
    0x0800274c   0x000000e0   Code   RO          260    i.SetSysClockTo72   system_stm32f10x.o
    0x0800282c   0x00000028   Code   RO         1945    i.SysTick_CLKSourceConfig  misc.o
    0x08002854   0x00000002   Code   RO          177    i.SysTick_Handler   stm32f10x_it.o
    0x08002856   0x00000002   PAD
    0x08002858   0x00000060   Code   RO          262    i.SystemInit        system_stm32f10x.o
    0x080028b8   0x00000024   Code   RO         1295    i.TIM2_IRQHandler   ultrasonic.o
    0x080028dc   0x0000002c   Code   RO          526    i.TIM3_IRQHandler   mpu6050.o
    0x08002908   0x00000060   Code   RO          527    i.TIM3_Init         mpu6050.o
    0x08002968   0x00000006   Code   RO         2042    i.TIM_ClearITPendingBit  stm32f10x_tim.o
    0x0800296e   0x00000018   Code   RO         2047    i.TIM_Cmd           stm32f10x_tim.o
    0x08002986   0x00000006   Code   RO         2066    i.TIM_GetCounter    stm32f10x_tim.o
    0x0800298c   0x00000022   Code   RO         2068    i.TIM_GetITStatus   stm32f10x_tim.o
    0x080029ae   0x00000012   Code   RO         2072    i.TIM_ITConfig      stm32f10x_tim.o
    0x080029c0   0x000000a0   Code   RO         2086    i.TIM_OC3Init       stm32f10x_tim.o
    0x08002a60   0x00000012   Code   RO         2089    i.TIM_OC3PreloadConfig  stm32f10x_tim.o
    0x08002a72   0x00000002   PAD
    0x08002a74   0x0000007c   Code   RO         2091    i.TIM_OC4Init       stm32f10x_tim.o
    0x08002af0   0x0000001a   Code   RO         2093    i.TIM_OC4PreloadConfig  stm32f10x_tim.o
    0x08002b0a   0x00000004   Code   RO         2110    i.TIM_SetCompare3   stm32f10x_tim.o
    0x08002b0e   0x00000006   Code   RO         2111    i.TIM_SetCompare4   stm32f10x_tim.o
    0x08002b14   0x000000a4   Code   RO         2118    i.TIM_TimeBaseInit  stm32f10x_tim.o
    0x08002bb8   0x00000060   Code   RO         1296    i.Timer2_Init       ultrasonic.o
    0x08002c18   0x00000010   Code   RO          348    i.UART_send_char    my_uart.o
    0x08002c28   0x0000001a   Code   RO          349    i.UART_send_string  my_uart.o
    0x08002c42   0x00000002   PAD
    0x08002c44   0x00000088   Code   RO         1389    i.USART1_IRQHandler  usart.o
    0x08002ccc   0x00000088   Code   RO          350    i.USART2_IRQHandler  my_uart.o
    0x08002d54   0x000000a4   Code   RO          351    i.USART2_Init       my_uart.o
    0x08002df8   0x00000048   Code   RO          352    i.USART3_IRQHandler  my_uart.o
    0x08002e40   0x000000a8   Code   RO          353    i.USART3_Init       my_uart.o
    0x08002ee8   0x00000018   Code   RO         1765    i.USART_Cmd         stm32f10x_usart.o
    0x08002f00   0x0000001a   Code   RO         1768    i.USART_GetFlagStatus  stm32f10x_usart.o
    0x08002f1a   0x00000054   Code   RO         1769    i.USART_GetITStatus  stm32f10x_usart.o
    0x08002f6e   0x0000004a   Code   RO         1771    i.USART_ITConfig    stm32f10x_usart.o
    0x08002fb8   0x000000d8   Code   RO         1772    i.USART_Init        stm32f10x_usart.o
    0x08003090   0x0000000a   Code   RO         1779    i.USART_ReceiveData  stm32f10x_usart.o
    0x0800309a   0x00000008   Code   RO         1782    i.USART_SendData    stm32f10x_usart.o
    0x080030a2   0x00000002   PAD
    0x080030a4   0x00000050   Code   RO         1297    i.Ultrasonic_GPIO_Init  ultrasonic.o
    0x080030f4   0x00000004   Code   RO          178    i.UsageFault_Handler  stm32f10x_it.o
    0x080030f8   0x00000028   Code   RO         2829    i.__ARM_fpclassify  m_ws.l(fpclassify.o)
    0x08003120   0x000000aa   Code   RO         2831    i.__kernel_poly     m_ws.l(poly.o)
    0x080031ca   0x00000006   Code   RO         2816    i.__mathlib_dbl_infnan  m_ws.l(dunder.o)
    0x080031d0   0x00000004   Code   RO         2817    i.__mathlib_dbl_infnan2  m_ws.l(dunder.o)
    0x080031d4   0x00000010   Code   RO         2821    i.__mathlib_dbl_underflow  m_ws.l(dunder.o)
    0x080031e4   0x0000000e   Code   RO         2672    i._is_digit         c_w.l(__printf_wp.o)
    0x080031f2   0x00000006   Code   RO         1390    i._sys_exit         usart.o
    0x080031f8   0x000000a8   Code   RO          663    i.accel_self_test   inv_mpu.o
    0x080032a0   0x00000220   Code   RO         2806    i.atan              m_ws.l(atan.o)
    0x080034c0   0x00000180   Code   RO         2765    i.atan2             m_ws.l(atan2.o)
    0x08003640   0x000000c8   Code   RO         1298    i.bsp_getUltrasonicDistance  ultrasonic.o
    0x08003708   0x000000a8   Code   RO         1186    i.check_yaw         pid.o
    0x080037b0   0x00000016   Code   RO         1187    i.constrain_int     pid.o
    0x080037c6   0x00000002   PAD
    0x080037c8   0x00000064   Code   RO          997    i.decode_gesture    inv_mpu_dmp_motion_driver.o
    0x0800382c   0x00000044   Code   RO         1334    i.delay_init        delay.o
    0x08003870   0x0000004c   Code   RO         1335    i.delay_ms          delay.o
    0x080038bc   0x0000004c   Code   RO         1336    i.delay_us          delay.o
    0x08003908   0x00000038   Code   RO         1247    i.dir_pro           rfid.o
    0x08003940   0x0000003c   Code   RO          998    i.dmp_enable_6x_lp_quat  inv_mpu_dmp_motion_driver.o
    0x0800397c   0x0000021c   Code   RO          999    i.dmp_enable_feature  inv_mpu_dmp_motion_driver.o
    0x08003b98   0x00000058   Code   RO         1000    i.dmp_enable_gyro_cal  inv_mpu_dmp_motion_driver.o
    0x08003bf0   0x0000003c   Code   RO         1001    i.dmp_enable_lp_quat  inv_mpu_dmp_motion_driver.o
    0x08003c2c   0x00000018   Code   RO         1006    i.dmp_load_motion_driver_firmware  inv_mpu_dmp_motion_driver.o
    0x08003c44   0x000001cc   Code   RO         1007    i.dmp_read_fifo     inv_mpu_dmp_motion_driver.o
    0x08003e10   0x00000130   Code   RO         1010    i.dmp_set_accel_bias  inv_mpu_dmp_motion_driver.o
    0x08003f40   0x00000070   Code   RO         1011    i.dmp_set_fifo_rate  inv_mpu_dmp_motion_driver.o
    0x08003fb0   0x00000130   Code   RO         1012    i.dmp_set_gyro_bias  inv_mpu_dmp_motion_driver.o
    0x080040e0   0x00000138   Code   RO         1014    i.dmp_set_orientation  inv_mpu_dmp_motion_driver.o
    0x08004218   0x00000038   Code   RO         1017    i.dmp_set_shake_reject_thresh  inv_mpu_dmp_motion_driver.o
    0x08004250   0x00000026   Code   RO         1018    i.dmp_set_shake_reject_time  inv_mpu_dmp_motion_driver.o
    0x08004276   0x00000026   Code   RO         1019    i.dmp_set_shake_reject_timeout  inv_mpu_dmp_motion_driver.o
    0x0800429c   0x00000046   Code   RO         1020    i.dmp_set_tap_axes  inv_mpu_dmp_motion_driver.o
    0x080042e2   0x00000026   Code   RO         1021    i.dmp_set_tap_count  inv_mpu_dmp_motion_driver.o
    0x08004308   0x000001a0   Code   RO         1022    i.dmp_set_tap_thresh  inv_mpu_dmp_motion_driver.o
    0x080044a8   0x00000026   Code   RO         1023    i.dmp_set_tap_time  inv_mpu_dmp_motion_driver.o
    0x080044ce   0x00000026   Code   RO         1024    i.dmp_set_tap_time_multi  inv_mpu_dmp_motion_driver.o
    0x080044f4   0x00000054   Code   RO          441    i.error_mes         esp8266.o
    0x08004548   0x000000a4   Code   RO          442    i.esp_config        esp8266.o
    0x080045ec   0x000001fc   Code   RO          443    i.esp_controlcar    esp8266.o
    0x080047e8   0x00000074   Code   RO          444    i.esp_routeplan     esp8266.o
    0x0800485c   0x0000001c   Code   RO         1391    i.fputc             usart.o
    0x08004878   0x000000b4   Code   RO          664    i.get_accel_prod_shift  inv_mpu.o
    0x0800492c   0x00000470   Code   RO          665    i.get_st_biases     inv_mpu.o
    0x08004d9c   0x00000110   Code   RO          666    i.gyro_self_test    inv_mpu.o
    0x08004eac   0x00000028   Code   RO          667    i.inv_orientation_matrix_to_scalar  inv_mpu.o
    0x08004ed4   0x0000004e   Code   RO          668    i.inv_row_2_scale   inv_mpu.o
    0x08004f22   0x00000002   PAD
    0x08004f24   0x00000138   Code   RO            2    i.main              main.o
    0x0800505c   0x00000084   Code   RO         1248    i.matrix_num        rfid.o
    0x080050e0   0x00000002   Code   RO          669    i.mget_ms           inv_mpu.o
    0x080050e2   0x00000002   PAD
    0x080050e4   0x00000070   Code   RO          670    i.mpu_configure_fifo  inv_mpu.o
    0x08005154   0x000000a0   Code   RO          672    i.mpu_dmp_init      inv_mpu.o
    0x080051f4   0x0000004c   Code   RO          673    i.mpu_get_accel_fsr  inv_mpu.o
    0x08005240   0x00000054   Code   RO          675    i.mpu_get_accel_sens  inv_mpu.o
    0x08005294   0x00000010   Code   RO          680    i.mpu_get_fifo_config  inv_mpu.o
    0x080052a4   0x00000044   Code   RO          681    i.mpu_get_gyro_fsr  inv_mpu.o
    0x080052e8   0x00000050   Code   RO          683    i.mpu_get_gyro_sens  inv_mpu.o
    0x08005338   0x00000050   Code   RO          685    i.mpu_get_lpf       inv_mpu.o
    0x08005388   0x00000020   Code   RO          687    i.mpu_get_sample_rate  inv_mpu.o
    0x080053a8   0x000001f4   Code   RO          689    i.mpu_init          inv_mpu.o
    0x0800559c   0x000000b8   Code   RO          690    i.mpu_load_firmware  inv_mpu.o
    0x08005654   0x000000e0   Code   RO          691    i.mpu_lp_accel_mode  inv_mpu.o
    0x08005734   0x000000c0   Code   RO          694    i.mpu_read_fifo_stream  inv_mpu.o
    0x080057f4   0x00000080   Code   RO          695    i.mpu_read_mem      inv_mpu.o
    0x08005874   0x000001c8   Code   RO          698    i.mpu_reset_fifo    inv_mpu.o
    0x08005a3c   0x0000011c   Code   RO          699    i.mpu_run_self_test  inv_mpu.o
    0x08005b58   0x00000084   Code   RO          701    i.mpu_set_accel_fsr  inv_mpu.o
    0x08005bdc   0x0000014c   Code   RO          702    i.mpu_set_bypass    inv_mpu.o
    0x08005d28   0x00000090   Code   RO          704    i.mpu_set_dmp_state  inv_mpu.o
    0x08005db8   0x00000088   Code   RO          705    i.mpu_set_gyro_fsr  inv_mpu.o
    0x08005e40   0x0000006c   Code   RO          706    i.mpu_set_int_latched  inv_mpu.o
    0x08005eac   0x00000084   Code   RO          708    i.mpu_set_lpf       inv_mpu.o
    0x08005f30   0x0000009c   Code   RO          709    i.mpu_set_sample_rate  inv_mpu.o
    0x08005fcc   0x000000d0   Code   RO          710    i.mpu_set_sensors   inv_mpu.o
    0x0800609c   0x00000080   Code   RO          711    i.mpu_write_mem     inv_mpu.o
    0x0800611c   0x00000130   Code   RO          712    i.mpuget_yaw        inv_mpu.o
    0x0800624c   0x00000094   Code   RO          713    i.run_self_test     inv_mpu.o
    0x080062e0   0x00000044   Code   RO          445    i.select_mode       esp8266.o
    0x08006324   0x00000090   Code   RO          714    i.set_int_enable    inv_mpu.o
    0x080063b4   0x0000009c   Code   RO          446    i.soft_reset        esp8266.o
    0x08006450   0x000000a0   Code   RO         1392    i.uart_init         usart.o
    0x080064f0   0x0000002c   Code   RO         2907    locale$$code        c_w.l(lc_numeric_c.o)
    0x0800651c   0x00000062   Code   RO         2698    x$fpl$d2f           fz_ws.l(d2f.o)
    0x0800657e   0x00000002   PAD
    0x08006580   0x00000150   Code   RO         2700    x$fpl$dadd          fz_ws.l(daddsub_clz.o)
    0x080066d0   0x00000010   Code   RO         2909    x$fpl$dcheck1       fz_ws.l(dcheck1.o)
    0x080066e0   0x000002b0   Code   RO         2707    x$fpl$ddiv          fz_ws.l(ddiv.o)
    0x08006990   0x00000026   Code   RO         2710    x$fpl$dfltu         fz_ws.l(dflt_clz.o)
    0x080069b6   0x00000002   PAD
    0x080069b8   0x00000154   Code   RO         2716    x$fpl$dmul          fz_ws.l(dmul.o)
    0x08006b0c   0x0000009c   Code   RO         2792    x$fpl$dnaninf       fz_ws.l(dnaninf.o)
    0x08006ba8   0x0000000c   Code   RO         2794    x$fpl$dretinf       fz_ws.l(dretinf.o)
    0x08006bb4   0x00000016   Code   RO         2701    x$fpl$drsb          fz_ws.l(daddsub_clz.o)
    0x08006bca   0x00000002   PAD
    0x08006bcc   0x000001d4   Code   RO         2702    x$fpl$dsub          fz_ws.l(daddsub_clz.o)
    0x08006da0   0x00000056   Code   RO         2718    x$fpl$f2d           fz_ws.l(f2d.o)
    0x08006df6   0x00000002   PAD
    0x08006df8   0x000000c4   Code   RO         2720    x$fpl$fadd          fz_ws.l(faddsub_clz.o)
    0x08006ebc   0x00000018   Code   RO         2796    x$fpl$fcmpinf       fz_ws.l(fcmpi.o)
    0x08006ed4   0x00000184   Code   RO         2727    x$fpl$fdiv          fz_ws.l(fdiv.o)
    0x08007058   0x00000068   Code   RO         2730    x$fpl$feqf          fz_ws.l(feqf.o)
    0x080070c0   0x00000036   Code   RO         2732    x$fpl$ffix          fz_ws.l(ffix.o)
    0x080070f6   0x00000002   PAD
    0x080070f8   0x0000003e   Code   RO         2736    x$fpl$ffixu         fz_ws.l(ffixu.o)
    0x08007136   0x00000002   PAD
    0x08007138   0x00000030   Code   RO         2741    x$fpl$fflt          fz_ws.l(fflt_clz.o)
    0x08007168   0x00000026   Code   RO         2740    x$fpl$ffltu         fz_ws.l(fflt_clz.o)
    0x0800718e   0x00000002   PAD
    0x08007190   0x00000068   Code   RO         2746    x$fpl$fleqf         fz_ws.l(fleqf.o)
    0x080071f8   0x00000102   Code   RO         2748    x$fpl$fmul          fz_ws.l(fmul.o)
    0x080072fa   0x0000008c   Code   RO         2798    x$fpl$fnaninf       fz_ws.l(fnaninf.o)
    0x08007386   0x0000000a   Code   RO         2800    x$fpl$fretinf       fz_ws.l(fretinf.o)
    0x08007390   0x00000062   Code   RO         2750    x$fpl$frleqf        fz_ws.l(frleqf.o)
    0x080073f2   0x00000014   Code   RO         2721    x$fpl$frsb          fz_ws.l(faddsub_clz.o)
    0x08007406   0x00000002   PAD
    0x08007408   0x000000ea   Code   RO         2722    x$fpl$fsub          fz_ws.l(faddsub_clz.o)
    0x080074f2   0x00000004   Code   RO         2752    x$fpl$printf1       fz_ws.l(printf1.o)
    0x080074f6   0x00000064   Code   RO         2981    x$fpl$retnan        fz_ws.l(retnan.o)
    0x0800755a   0x0000005c   Code   RO         2802    x$fpl$scalbn        fz_ws.l(scalbn.o)
    0x080075b6   0x00000030   Code   RO         2993    x$fpl$trapveneer    fz_ws.l(trapv.o)
    0x080075e6   0x00000000   Code   RO         2804    x$fpl$usenofp       fz_ws.l(usenofp.o)
    0x080075e6   0x00000002   PAD
    0x080075e8   0x00000050   Data   RO          716    .constdata          inv_mpu.o
    0x08007638   0x00000bf6   Data   RO         1026    .constdata          inv_mpu_dmp_motion_driver.o
    0x0800822e   0x00000011   Data   RO         2675    .constdata          c_w.l(__printf_flags_wp.o)
    0x0800823f   0x00000001   PAD
    0x08008240   0x00000098   Data   RO         2807    .constdata          m_ws.l(atan.o)
    0x080082d8   0x00000008   Data   RO         2833    .constdata          m_ws.l(qnan.o)
    0x080082e0   0x00000094   Data   RO         2878    .constdata          c_w.l(bigflt0.o)
    0x08008374   0x00000007   Data   RO          447    .conststring        esp8266.o
    0x0800837b   0x00000001   PAD
    0x0800837c   0x0000004d   Data   RO          717    .conststring        inv_mpu.o
    0x080083c9   0x00000003   PAD
    0x080083cc   0x00000020   Data   RO         3063    Region$$Table       anon$$obj.o
    0x080083ec   0x0000001c   Data   RO         2906    locale$$data        c_w.l(lc_numeric_c.o)


    Execution Region RW_IRAM1 (Base: 0x20000000, Size: 0x00001290, Max: 0x0000c000, ABSOLUTE)

    Base Addr    Size         Type   Attr      Idx    E Section Name        Object

    0x20000000   0x00000008   Data   RW            3    .data               main.o
    0x20000008   0x00000014   Data   RW          263    .data               system_stm32f10x.o
    0x2000001c   0x00000003   Data   RW          355    .data               my_uart.o
    0x2000001f   0x00000001   PAD
    0x20000020   0x0000000a   Data   RW          448    .data               esp8266.o
    0x2000002a   0x00000001   Data   RW          528    .data               mpu6050.o
    0x2000002b   0x00000001   PAD
    0x2000002c   0x00000035   Data   RW          718    .data               inv_mpu.o
    0x20000061   0x00000001   PAD
    0x20000062   0x00000003   Data   RW         1189    .data               pid.o
    0x20000065   0x00000041   Data   RW         1249    .data               rfid.o
    0x200000a6   0x00000002   PAD
    0x200000a8   0x00000005   Data   RW         1299    .data               ultrasonic.o
    0x200000ad   0x00000001   PAD
    0x200000ae   0x00000004   Data   RW         1337    .data               delay.o
    0x200000b2   0x00000002   PAD
    0x200000b4   0x00000006   Data   RW         1394    .data               usart.o
    0x200000ba   0x00000014   Data   RW         1593    .data               stm32f10x_rcc.o
    0x200000ce   0x00000002   PAD
    0x200000d0   0x00000064   Zero   RW          354    .bss                my_uart.o
    0x20000134   0x00000010   Zero   RW         1025    .bss                inv_mpu_dmp_motion_driver.o
    0x20000144   0x00000024   Zero   RW         1188    .bss                pid.o
    0x20000168   0x000000c8   Zero   RW         1393    .bss                usart.o
    0x20000230   0x00000060   Zero   RW         2918    .bss                c_w.l(libspace.o)
    0x20000290   0x00000800   Zero   RW         1441    HEAP                startup_stm32f10x_hd.o
    0x20000a90   0x00000800   Zero   RW         1440    STACK               startup_stm32f10x_hd.o


==============================================================================

Image component sizes


      Code (inc. data)   RO Data    RW Data    ZI Data      Debug   Object Name

       432         54          0          0          0       2919   app_motor.o
        56          6          0          0          0        506   bsp_gpio.o
       240          8          0          0          0        869   bsp_motor.o
       220         26          0          4          0       1663   delay.o
      1436        376          7         10          0      20070   esp8266.o
      6624        292        157         53          0      30290   inv_mpu.o
      3096        122       3062          0         16      20350   inv_mpu_dmp_motion_driver.o
        44          0          0          0          0        968   iwdg.o
        80          8          0          0          0        487   led.o
       508         62          0          8          0     254666   main.o
       172         22          0          0          0       2017   misc.o
       352         14          0          1          0       3358   mpu6050.o
       662        100          0          0          0       4738   mpuiic.o
       582         48          0          3        100       4068   my_uart.o
       668         74          0          3         36       3893   pid.o
       624         92          0         65          0       3711   rfid.o
        64         26        304          0       4096        788   startup_stm32f10x_hd.o
       304          0          0          0          0       3592   stm32f10x_gpio.o
        26          0          0          0          0       3622   stm32f10x_it.o
        68         30          0          0          0       2434   stm32f10x_iwdg.o
       276         32          0         20          0       4390   stm32f10x_rcc.o
       590         62          0          0          0       7589   stm32f10x_tim.o
       442          6          0          0          0       6041   stm32f10x_usart.o
         0          0          0          0          0         32   sys.o
       328         28          0         20          0       2037   system_stm32f10x.o
       788        110          0          5          0       3384   ultrasonic.o
       330         26          0          6        200       4072   usart.o

    ----------------------------------------------------------------------
     19038       1624       3566        208       4448     392554   Object Totals
         0          0         32          0          0          0   (incl. Generated)
        26          0          4         10          0          0   (incl. Padding)

    ----------------------------------------------------------------------

      Code (inc. data)   RO Data    RW Data    ZI Data      Debug   Library Member Name

         8          0          0          0          0         68   __main.o
       312          4         17          0          0         92   __printf_flags_wp.o
        14          0          0          0          0         68   __printf_wp.o
         0          0          0          0          0          0   __rtentry.o
        12          0          0          0          0          0   __rtentry2.o
         6          0          0          0          0          0   __rtentry4.o
        52          8          0          0          0          0   __scatter.o
        26          0          0          0          0          0   __scatter_copy.o
        28          0          0          0          0          0   __scatter_zi.o
        48          6          0          0          0         96   _printf_char_common.o
        36          4          0          0          0         80   _printf_char_file.o
         6          0          0          0          0          0   _printf_d.o
       120         16          0          0          0         92   _printf_dec.o
         6          0          0          0          0          0   _printf_f.o
      1050          0          0          0          0        216   _printf_fp_dec.o
       128         16          0          0          0         84   _printf_fp_infnan.o
       178          0          0          0          0         88   _printf_intcommon.o
         0          0          0          0          0          0   _printf_percent.o
         4          0          0          0          0          0   _printf_percent_end.o
        10          0          0          0          0         68   _sputc.o
        16          0          0          0          0         68   aeabi_memset.o
       220          4        148          0          0         96   bigflt0.o
      1910        128          0          0          0        672   btod.o
        12          0          0          0          0         72   exit.o
         8          0          0          0          0         68   ferror.o
         6          0          0          0          0        152   heapauxi.o
        44         10         28          0          0         76   lc_numeric_c.o
         2          0          0          0          0          0   libinit.o
        18          0          0          0          0          0   libinit2.o
         2          0          0          0          0          0   libshutdown.o
         2          0          0          0          0          0   libshutdown2.o
         8          4          0          0         96         68   libspace.o
        72          0          0          0          0         76   llsdiv.o
       138          0          0          0          0         80   lludiv10.o
       238          0          0          0          0        100   lludivv7m.o
        88          0          0          0          0         76   memcmp.o
        24          4          0          0          0         84   noretval__2printf.o
        40          6          0          0          0         84   noretval__2sprintf.o
         8          4          0          0          0         68   rt_locale_intlibspace.o
        68          0          0          0          0         68   rt_memclr.o
        78          0          0          0          0         80   rt_memclr_w.o
       100          0          0          0          0         80   rt_memcpy_w.o
         2          0          0          0          0          0   rtexit.o
        10          0          0          0          0          0   rtexit2.o
       128          0          0          0          0         68   strcmpv7m.o
        74          0          0          0          0         80   sys_stackheap_outer.o
         2          0          0          0          0         68   use_no_semi.o
         2          0          0          0          0         68   use_no_semi_2.o
        98          4          0          0          0         92   d2f.o
       826         16          0          0          0        348   daddsub_clz.o
        16          4          0          0          0         68   dcheck1.o
       688        140          0          0          0        208   ddiv.o
        38          0          0          0          0         68   dflt_clz.o
       340         12          0          0          0        104   dmul.o
       156          4          0          0          0         92   dnaninf.o
        12          0          0          0          0         68   dretinf.o
        86          4          0          0          0         84   f2d.o
       450          8          0          0          0        236   faddsub_clz.o
        24          0          0          0          0         68   fcmpi.o
       388         76          0          0          0         96   fdiv.o
       104          4          0          0          0         84   feqf.o
        54          4          0          0          0         84   ffix.o
        62          4          0          0          0         84   ffixu.o
        86          0          0          0          0        136   fflt_clz.o
       104          4          0          0          0         84   fleqf.o
       258          4          0          0          0         84   fmul.o
       140          4          0          0          0         84   fnaninf.o
        10          0          0          0          0         68   fretinf.o
        98          0          0          0          0         68   frleqf.o
         4          0          0          0          0         68   printf1.o
       100          0          0          0          0         68   retnan.o
        92          0          0          0          0         68   scalbn.o
        48          0          0          0          0         68   trapv.o
         0          0          0          0          0          0   usenofp.o
       544         70        152          0          0        124   atan.o
       384         38          0          0          0        144   atan2.o
        26          6          0          0          0        204   dunder.o
        40          0          0          0          0         68   fpclassify.o
       170          0          0          0          0         96   poly.o
         0          0          8          0          0          0   qnan.o

    ----------------------------------------------------------------------
     10842        620        354          0         96       6520   Library Totals
        32          0          1          0          0          0   (incl. Padding)

    ----------------------------------------------------------------------

      Code (inc. data)   RO Data    RW Data    ZI Data      Debug   Library Name

      5364        214        193          0         96       3304   c_w.l
      4282        292          0          0          0       2580   fz_ws.l
      1164        114        160          0          0        636   m_ws.l

    ----------------------------------------------------------------------
     10842        620        354          0         96       6520   Library Totals

    ----------------------------------------------------------------------

==============================================================================


      Code (inc. data)   RO Data    RW Data    ZI Data      Debug   

     29880       2244       3920        208       4544     387214   Grand Totals
     29880       2244       3920        208       4544     387214   ELF Image Totals
     29880       2244       3920        208          0          0   ROM Totals

==============================================================================

    Total RO  Size (Code + RO Data)                33800 (  33.01kB)
    Total RW  Size (RW Data + ZI Data)              4752 (   4.64kB)
    Total ROM Size (Code + RO Data + RW Data)      34008 (  33.21kB)

==============================================================================

